Archive member included because of file (symbol)

./../Platform/BSP/debug/libBSP_efm32_debug.a(BSP_Board.o)
                              /root/XDK-Workspace/lwm2m/debug/objects/source/SystemStartup.o (BSP_Board_OSTickInitialize)
./../Platform/BSP/debug/libBSP_efm32_debug.a(BSP_USB.o)
                              ./../Platform/BSP/debug/libBSP_efm32_debug.a(BSP_Board.o) (USB_init)
./../Platform/BSP/debug/libBSP_efm32_debug.a(BSP_LED.o)
                              /root/XDK-Workspace/lwm2m/debug/objects/source/SystemStartup.o (BSP_LED_Connect)
./../Platform/BSP/debug/libBSP_efm32_debug.a(BSP_IrqHandler.o)
                              ./../Platform/BSP/debug/libBSP_efm32_debug.a(BSP_Board.o) (IrqHandler_SysTickDummyHandler)
./../Platform/BSP/debug/libBSP_efm32_debug.a(BSP_DMA.o)
                              ./../Platform/BSP/debug/libBSP_efm32_debug.a(BSP_Board.o) (BSP_DMA_Initialize)
./../Platform/BSP/debug/libBSP_efm32_debug.a(BSP_SDCard.o)
                              ./../Platform/BSP/debug/libBSP_efm32_debug.a(BSP_IrqHandler.o) (SDCard_SPIRxISR)
./../Platform/BSP/debug/libBSP_efm32_debug.a(BSP_SensorNode.o)
                              ./../Platform/BSP/debug/libBSP_efm32_debug.a(BSP_IrqHandler.o) (SensorNode_I2CISR)
./../Platform/BSP/debug/libBSP_efm32_debug.a(BSP_BT_EM9301.o)
                              ./../Platform/BSP/debug/libBSP_efm32_debug.a(BSP_IrqHandler.o) (BT_EM9301_UART_TxISR)
./../Platform/BSP/debug/libBSP_efm32_debug.a(BSP_WiFi_cc3100mod.o)
                              ./../Platform/BSP/debug/libBSP_efm32_debug.a(BSP_IrqHandler.o) (WiFi_CC3100MOD_SPIRxISR)
./../Platform/BSP/debug/libBSP_efm32_debug.a(BSP_ExtensionPort.o)
                              ./../Platform/BSP/debug/libBSP_efm32_debug.a(BSP_IrqHandler.o) (BSP_ExtensionPort_I2cIsr)
./../Libraries/FreeRTOS/debug/libFreeRTOS_efm32_debug.a(tasks.o)
                              /root/XDK-Workspace/lwm2m/debug/objects/Lwm2mInterface.o (vTaskDelay)
./../Libraries/FreeRTOS/debug/libFreeRTOS_efm32_debug.a(timers.o)
                              ./../Libraries/FreeRTOS/debug/libFreeRTOS_efm32_debug.a(tasks.o) (xTimerCreateTimerTask)
./../Libraries/FreeRTOS/debug/libFreeRTOS_efm32_debug.a(heap_4.o)
                              ./../Libraries/FreeRTOS/debug/libFreeRTOS_efm32_debug.a(tasks.o) (pvPortMalloc)
./../Libraries/FreeRTOS/debug/libFreeRTOS_efm32_debug.a(port.o)
                              ./../Libraries/FreeRTOS/debug/libFreeRTOS_efm32_debug.a(tasks.o) (pxPortInitialiseStack)
./../Libraries/FreeRTOS/debug/libFreeRTOS_efm32_debug.a(list.o)
                              ./../Libraries/FreeRTOS/debug/libFreeRTOS_efm32_debug.a(tasks.o) (vListInitialise)
./../Libraries/FreeRTOS/debug/libFreeRTOS_efm32_debug.a(queue.o)
                              ./../Libraries/FreeRTOS/debug/libFreeRTOS_efm32_debug.a(timers.o) (xQueueGenericCreate)
./../Libraries/EMlib/debug/libEMLib_efm32_debug.a(em_adc.o)
                              ./../Platform/BSP/debug/libBSP_efm32_debug.a(BSP_Board.o) (ADC_Init)
./../Libraries/EMlib/debug/libEMLib_efm32_debug.a(em_cmu.o)
                              ./../Platform/BSP/debug/libBSP_efm32_debug.a(BSP_Board.o) (CMU_ClockDivSet)
./../Libraries/EMlib/debug/libEMLib_efm32_debug.a(em_msc.o)
                              ./../Platform/BSP/debug/libBSP_efm32_debug.a(BSP_Board.o) (MSC_Init)
./../Libraries/EMlib/debug/libEMLib_efm32_debug.a(em_dma.o)
                              ./../Platform/BSP/debug/libBSP_efm32_debug.a(BSP_DMA.o) (DMA_Reset)
./../Libraries/EMlib/debug/libEMLib_efm32_debug.a(em_emu.o)
                              ./../Libraries/EMlib/debug/libEMLib_efm32_debug.a(em_cmu.o) (EMU_UpdateOscConfig)
./../Libraries/EMlib/debug/libEMLib_efm32_debug.a(em_gpio.o)
                              ./../Platform/BSP/debug/libBSP_efm32_debug.a(BSP_Board.o) (GPIO_DriveModeSet)
./../Libraries/EMlib/debug/libEMLib_efm32_debug.a(em_int.o)
                              /root/XDK-Workspace/lwm2m/debug/objects/./../Libraries/EMlib/3rd-party/EMLib/usb/src/em_usbdint.o (INT_LockCnt)
./../Libraries/EMlib/debug/libEMLib_efm32_debug.a(em_i2c.o)
                              ./../Platform/BSP/debug/libBSP_efm32_debug.a(BSP_SensorNode.o) (I2C_Enable)
./../Libraries/EMlib/debug/libEMLib_efm32_debug.a(em_usart.o)
                              ./../Platform/BSP/debug/libBSP_efm32_debug.a(BSP_Board.o) (USART_BaudrateSyncSet)
./../Libraries/EMlib/debug/libEMLib_efm32_debug.a(em_system.o)
                              ./../Platform/BSP/debug/libBSP_efm32_debug.a(BSP_Board.o) (SYSTEM_ChipRevisionGet)
./../Libraries/EMlib/debug/libEMLib_efm32_debug.a(em_usbd.o)
                              /root/XDK-Workspace/lwm2m/debug/objects/./../Libraries/EMlib/3rd-party/EMLib/usb/src/em_usbdint.o (dev)
./../Libraries/EMlib/debug/libEMLib_efm32_debug.a(em_usbhal.o)
                              ./../Libraries/EMlib/debug/libEMLib_efm32_debug.a(em_usbd.o) (USBDHAL_Connect)
./../Libraries/EMlib/debug/libEMLib_efm32_debug.a(em_usbdep.o)
[...]
Memory Configuration

Name             Origin             Length             Attributes
FLASH            0x00020200         0x000dfe00         xr
RAM              0x20000000         0x00020000         xrw
*default*        0x00000000         0xffffffff

Linker script and memory map

LOAD /opt/XDK-Workbench/XDK/armGCC/bin/../lib/gcc/arm-none-eabi/4.7.4/armv7-m/crti.o
LOAD /opt/XDK-Workbench/XDK/armGCC/bin/../lib/gcc/arm-none-eabi/4.7.4/armv7-m/crtbegin.o
LOAD /opt/XDK-Workbench/XDK/armGCC/bin/../lib/gcc/arm-none-eabi/4.7.4/../../../../arm-none-eabi/lib/armv7-m/crt0.o
LOAD /root/XDK-Workspace/lwm2m/debug/objects/source/XdkVersion.o
LOAD /root/XDK-Workspace/lwm2m/debug/objects/source/SystemStartup.o
LOAD /root/XDK-Workspace/lwm2m/debug/objects/source/SensorHandle.o
LOAD /root/XDK-Workspace/lwm2m/debug/objects/source/UsbResetUtility.o
LOAD /root/XDK-Workspace/lwm2m/debug/objects/source/cJSON.o
LOAD /root/XDK-Workspace/lwm2m/debug/objects/source/BleDeviceInfoService.o
LOAD /root/XDK-Workspace/lwm2m/debug/objects/source/RetargetStdio.o
LOAD /root/XDK-Workspace/lwm2m/debug/objects/source/Assert.o
LOAD /root/XDK-Workspace/lwm2m/debug/objects/legacy/source/ServalPAL_WiFi.o
LOAD /root/XDK-Workspace/lwm2m/debug/objects/./../Libraries/EMlib/3rd-party/EMLib/usb/src/em_usbdint.o
LOAD /root/XDK-Workspace/lwm2m/debug/objects/Main.o
LOAD /root/XDK-Workspace/lwm2m/debug/objects/Lwm2mInterface.o
LOAD /root/XDK-Workspace/lwm2m/debug/objects/Lwm2mObjects.o
LOAD /root/XDK-Workspace/lwm2m/debug/objects/Lwm2mObjectsDevice.o
LOAD /root/XDK-Workspace/lwm2m/debug/objects/lwm2m.o
LOAD /root/XDK-Workspace/lwm2m/debug/objects/startup_efm32gg.o
START GROUP
LOAD ./../Platform/SensorUtils/debug/libSensorUtils_efm32_debug.a
LOAD ./../Platform/Sensors/debug/libSensors_efm32_debug.a
LOAD ./../Platform/BSP/debug/libBSP_efm32_debug.a
LOAD ./../Libraries/FreeRTOS/debug/libFreeRTOS_efm32_debug.a
LOAD ./../Libraries/EMlib/debug/libEMLib_efm32_debug.a
LOAD ./../Libraries/BSTLib/debug/libBSTLib_efm32_debug.a
LOAD ./../Libraries/WiFi/debug/libWiFi_efm32_debug.a
LOAD ./../Libraries/FATfs/debug/libFATfs_efm32_debug.a
LOAD ./../Platform/Essentials/release/libEssentials_efm32.a
LOAD ./../Platform/Utils/release/libUtils_efm32.a
LOAD ./../Platform/Drivers/release/libDrivers_efm32.a
LOAD ./../Platform/FOTA/release/libFOTA_efm32.a
LOAD ./../Platform/Wlan/release/libWlan_efm32.a
LOAD ./../Platform/BLE/release/libBLE_efm32.a
LOAD ./../Platform/SensorToolbox/release/libSensorToolbox_efm32.a
LOAD ./../Libraries/BLEStack/3rd-party/Alpwise/ALPW-BLESDKCM3/BLESW_HeartRate/Libraries/BLESW_HRP_Collector_CM3.a
LOAD ./../Libraries/BLEStack/3rd-party/Alpwise/ALPW-BLESDKCM3/BLESW_HeartRate/Libraries/BLESW_HRP_Sensor_CM3.a
LOAD ./../Libraries/BLEStack/3rd-party/Alpwise/ALPW-BLESDKCM3/BLESW_CyclingSpeedAndCadence/Libraries/BLESW_CSCP_Collector_CM3.a
LOAD ./../Libraries/BLEStack/3rd-party/Alpwise/ALPW-BLESDKCM3/BLESW_CyclingSpeedAndCadence/Libraries/BLESW_CSCP_Sensor_CM3.a
LOAD ./../Libraries/BLEStack/3rd-party/Alpwise/ALPW-BLESDKCM3/BLESW_RunningSpeedAndCadence/Libraries/BLESW_RSCP_Collector_CM3.a
LOAD ./../Libraries/BLEStack/3rd-party/Alpwise/ALPW-BLESDKCM3/BLESW_RunningSpeedAndCadence/Libraries/BLESW_RSCP_Sensor_CM3.a
LOAD ./../Libraries/BLEStack/3rd-party/Alpwise/ALPW-BLESDKCM3/BLESW_NetworkAvailability/Libraries/BLESW_NWAP_Reporter_CM3.a
LOAD ./../Libraries/BLEStack/3rd-party/Alpwise/ALPW-BLESDKCM3/BLESW_NetworkAvailability/Libraries/BLESW_NWAP_Monitor_CM3.a
LOAD ./../Libraries/BLEStack/3rd-party/Alpwise/ALPW-BLESDKCM3/BLESW_LocationAndNavigation/Libraries/BLESW_LNP_Collector_CM3.a
LOAD ./../Libraries/BLEStack/3rd-party/Alpwise/ALPW-BLESDKCM3/BLESW_LocationAndNavigation/Libraries/BLESW_LNP_Sensor_CM3.a
LOAD ./../Libraries/BLEStack/3rd-party/Alpwise/ALPW-BLESDKCM3/BLESW_AlertNotification/Libraries/BLESW_ANP_Client_CM3.a
LOAD ./../Libraries/BLEStack/3rd-party/Alpwise/ALPW-BLESDKCM3/BLESW_AlertNotification/Libraries/BLESW_ANP_Server_CM3.a
LOAD ./../Libraries/BLEStack/3rd-party/Alpwise/ALPW-BLESDKCM3/BLESW_Proximity/Libraries/BLESW_PXP_Monitor_CM3.a
LOAD ./../Libraries/BLEStack/3rd-party/Alpwise/ALPW-BLESDKCM3/BLESW_Proximity/Libraries/BLESW_PXP_Reporter_CM3.a
LOAD ./../Libraries/BLEStack/3rd-party/Alpwise/ALPW-BLESDKCM3/BLESW_CoreStack/Libraries/BLESW_DIS_CM3.a
LOAD ./../Libraries/BLEStack/3rd-party/Alpwise/ALPW-BLESDKCM3/BLESW_CoreStack/Libraries/BLESW_NWAS_CM3.a
LOAD ./../Libraries/BLEStack/3rd-party/Alpwise/ALPW-BLESDKCM3/BLESW_CoreStack/Libraries/BLESW_HRS_CM3.a
LOAD ./../Libraries/BLEStack/3rd-party/Alpwise/ALPW-BLESDKCM3/BLESW_CoreStack/Libraries/BLESW_ANS_CM3.a
LOAD ./../Libraries/BLEStack/3rd-party/Alpwise/ALPW-BLESDKCM3/BLESW_CoreStack/Libraries/BLESW_WSS_CM3.a
LOAD ./../Libraries/BLEStack/3rd-party/Alpwise/ALPW-BLESDKCM3/BLESW_CoreStack/Libraries/BLESW_BCS_CM3.a
LOAD ./../Libraries/BLEStack/3rd-party/Alpwise/ALPW-BLESDKCM3/BLESW_CoreStack/Libraries/BLESW_ALPWDES_CM3.a
LOAD ./../Libraries/BLEStack/3rd-party/Alpwise/ALPW-BLESDKCM3/BLESW_CoreStack/Libraries/BLESW_HTS_CM3.a
LOAD ./../Libraries/BLEStack/3rd-party/Alpwise/ALPW-BLESDKCM3/BLESW_CoreStack/Libraries/BLESW_PASS_CM3.a
LOAD ./../Libraries/BLEStack/3rd-party/Alpwise/ALPW-BLESDKCM3/BLESW_CoreStack/Libraries/BLESW_IAS_CM3.a
LOAD ./../Libraries/BLEStack/3rd-party/Alpwise/ALPW-BLESDKCM3/BLESW_CoreStack/Libraries/BLESW_NDCS_CM3.a
LOAD ./../Libraries/BLEStack/3rd-party/Alpwise/ALPW-BLESDKCM3/BLESW_CoreStack/Libraries/BLESW_BAS_CM3.a
LOAD ./../Libraries/BLEStack/3rd-party/Alpwise/ALPW-BLESDKCM3/BLESW_CoreStack/Libraries/BLESW_CoreStack_Monitor_CM3.a
LOAD ./../Libraries/BLEStack/3rd-party/Alpwise/ALPW-BLESDKCM3/BLESW_CoreStack/Libraries/BLESW_RSCS_CM3.a
LOAD ./../Libraries/BLEStack/3rd-party/Alpwise/ALPW-BLESDKCM3/BLESW_CoreStack/Libraries/BLESW_LLS_CM3.a
LOAD ./../Libraries/BLEStack/3rd-party/Alpwise/ALPW-BLESDKCM3/BLESW_CoreStack/Libraries/BLESW_LNS_CM3.a
LOAD ./../Libraries/BLEStack/3rd-party/Alpwise/ALPW-BLESDKCM3/BLESW_CoreStack/Libraries/BLESW_GLS_CM3.a
LOAD ./../Libraries/BLEStack/3rd-party/Alpwise/ALPW-BLESDKCM3/BLESW_CoreStack/Libraries/BLESW_BLS_CM3.a
LOAD ./../Libraries/BLEStack/3rd-party/Alpwise/ALPW-BLESDKCM3/BLESW_CoreStack/Libraries/BLESW_RTUS_CM3.a
LOAD ./../Libraries/BLEStack/3rd-party/Alpwise/ALPW-BLESDKCM3/BLESW_CoreStack/Libraries/BLESW_HIDS_CM3.a
LOAD ./../Libraries/BLEStack/3rd-party/Alpwise/ALPW-BLESDKCM3/BLESW_CoreStack/Libraries/BLESW_UDS_CM3.a
LOAD ./../Libraries/BLEStack/3rd-party/Alpwise/ALPW-BLESDKCM3/BLESW_CoreStack/Libraries/BLESW_CTS_CM3.a
LOAD ./../Libraries/BLEStack/3rd-party/Alpwise/ALPW-BLESDKCM3/BLESW_CoreStack/Libraries/BLESW_TPS_CM3.a
LOAD ./../Libraries/BLEStack/3rd-party/Alpwise/ALPW-BLESDKCM3/BLESW_CoreStack/Libraries/BLESW_CSCS_CM3.a
LOAD ./../Libraries/BLEStack/3rd-party/Alpwise/ALPW-BLESDKCM3/BLESW_CoreStack/Libraries/BLESW_CoreStack_CM3.a
LOAD ./../Libraries/BLEStack/3rd-party/Alpwise/ALPW-BLESDKCM3/BLESW_CoreStack/Libraries/BLESW_CPS_CM3.a
LOAD ./../Libraries/BLEStack/3rd-party/Alpwise/ALPW-BLESDKCM3/BLESW_FindMe/Libraries/BLESW_FMP_Locator_CM3.a
LOAD ./../Libraries/BLEStack/3rd-party/Alpwise/ALPW-BLESDKCM3/BLESW_FindMe/Libraries/BLESW_FMP_Target_CM3.a
LOAD ./../Libraries/BLEStack/3rd-party/Alpwise/ALPW-BLESDKCM3/BLESW_iBeacon/Libraries/BLESW_IBN_Reporter_CM3.a
LOAD ./../Libraries/BLEStack/3rd-party/Alpwise/ALPW-BLESDKCM3/BLESW_HumanInterfaceDevice/Libraries/BLESW_HID_Host_CM3.a
LOAD ./../Libraries/BLEStack/3rd-party/Alpwise/ALPW-BLESDKCM3/BLESW_HumanInterfaceDevice/Libraries/BLESW_HID_Device_CM3.a
LOAD ./../Libraries/BLEStack/3rd-party/Alpwise/ALPW-BLESDKCM3/BLESW_HealthThermometer/Libraries/BLESW_HTP_Collector_CM3.a
LOAD ./../Libraries/BLEStack/3rd-party/Alpwise/ALPW-BLESDKCM3/BLESW_HealthThermometer/Libraries/BLESW_HTP_Thermometer_CM3.a
LOAD ./../Libraries/BLEStack/3rd-party/Alpwise/ALPW-BLESDKCM3/BLESW_CyclingPower/Libraries/BLESW_CPP_Collector_CM3.a
LOAD ./../Libraries/BLEStack/3rd-party/Alpwise/ALPW-BLESDKCM3/BLESW_CyclingPower/Libraries/BLESW_CPP_Sensor_CM3.a
LOAD ./../Libraries/BLEStack/3rd-party/Alpwise/ALPW-BLESDKCM3/BLESW_PhoneAlertStatus/Libraries/BLESW_PASP_Server_CM3.a
LOAD ./../Libraries/BLEStack/3rd-party/Alpwise/ALPW-BLESDKCM3/BLESW_PhoneAlertStatus/Libraries/BLESW_PASP_Client_CM3.a
LOAD ./../Libraries/BLEStack/3rd-party/Alpwise/ALPW-BLESDKCM3/BLESW_Time/Libraries/BLESW_TIP_Client_CM3.a
LOAD ./../Libraries/BLEStack/3rd-party/Alpwise/ALPW-BLESDKCM3/BLESW_Time/Libraries/BLESW_TIP_Server_CM3.a
LOAD ./../Libraries/BLEStack/3rd-party/Alpwise/ALPW-BLESDKCM3/BLESW_AppleNotificationCenter/Libraries/BLESW_ANCP_Consumer_CM3.a
LOAD ./../Libraries/BLEStack/3rd-party/Alpwise/ALPW-BLESDKCM3/BLESW_ALPWDataExchange/Libraries/BLESW_ALPWDEP_Client_CM3.a
LOAD ./../Libraries/BLEStack/3rd-party/Alpwise/ALPW-BLESDKCM3/BLESW_ALPWDataExchange/Libraries/BLESW_ALPWDEP_Server_CM3.a
LOAD ./../Libraries/BLEStack/3rd-party/Alpwise/ALPW-BLESDKCM3/BLESW_BloodPressure/Libraries/BLESW_BLP_Collector_CM3.a
LOAD ./../Libraries/BLEStack/3rd-party/Alpwise/ALPW-BLESDKCM3/BLESW_BloodPressure/Libraries/BLESW_BLP_Sensor_CM3.a
LOAD ./../Libraries/BLEStack/3rd-party/Alpwise/ALPW-BLESDKCM3/BLESW_Glucose/Libraries/BLESW_GLP_Collector_CM3.a
LOAD ./../Libraries/BLEStack/3rd-party/Alpwise/ALPW-BLESDKCM3/BLESW_Glucose/Libraries/BLESW_GLP_Sensor_CM3.a
LOAD ./../Libraries/EMlib/3rd-party/EMLib/CMSIS/Lib/GCC/libarm_cortexM3l_math.a
LOAD ./../Libraries/BSX/BSX4/Source/algo/algo_bsx/Lib/libalgobsxm3/libalgobsx.a
LOAD ./../Platform/LoRaDrivers/release/libLoRaDrivers_efm32.a
LOAD ./../Platform/ServalPAL/release/libServalPal_efm32.a
LOAD ./../Libraries/Escrypt_CycurTLS/release/libEscrypt_CycurTLS_efm32.a
END GROUP
START GROUP
LOAD /opt/XDK-Workbench/XDK/armGCC/bin/../lib/gcc/arm-none-eabi/4.7.4/armv7-m/libgcc.a
LOAD /opt/XDK-Workbench/XDK/armGCC/bin/../lib/gcc/arm-none-eabi/4.7.4/../../../../arm-none-eabi/lib/armv7-m/libc.a
LOAD /opt/XDK-Workbench/XDK/armGCC/bin/../lib/gcc/arm-none-eabi/4.7.4/../../../../arm-none-eabi/lib/armv7-m/libm.a
END GROUP
START GROUP
LOAD /opt/XDK-Workbench/XDK/armGCC/bin/../lib/gcc/arm-none-eabi/4.7.4/armv7-m/libgcc.a
LOAD /opt/XDK-Workbench/XDK/armGCC/bin/../lib/gcc/arm-none-eabi/4.7.4/../../../../arm-none-eabi/lib/armv7-m/libc.a
END GROUP
LOAD /opt/XDK-Workbench/XDK/armGCC/bin/../lib/gcc/arm-none-eabi/4.7.4/armv7-m/crtend.o
LOAD /opt/XDK-Workbench/XDK/armGCC/bin/../lib/gcc/arm-none-eabi/4.7.4/armv7-m/crtn.o

.text           0x00020200    0x4771c
 *(.isr_vector)
 .isr_vector    0x00020200      0x100 /root/XDK-Workspace/lwm2m/debug/objects/startup_efm32gg.o
                0x00020200                __isr_vector
 *(.text*)
 .text          0x00020300       0x54 /opt/XDK-Workbench/XDK/armGCC/bin/../lib/gcc/arm-none-eabi/4.7.4/armv7-m/crtbegin.o
 .text          0x00020354       0x70 /opt/XDK-Workbench/XDK/armGCC/bin/../lib/gcc/arm-none-eabi/4.7.4/../../../../arm-none-eabi/lib/armv7-m/crt0.o
                0x00020354                _mainCRTStartup
                0x00020354                _start
                0x00020354                start
 .text.Retcode_GetPackage
                0x000203c4       0x1c /root/XDK-Workspace/lwm2m/debug/objects/source/SystemStartup.o
 .text.Retcode_GetModuleId
                0x000203e0       0x1c /root/XDK-Workspace/lwm2m/debug/objects/source/SystemStartup.o
 .text.Retcode_GetSeverity
                0x000203fc       0x24 /root/XDK-Workspace/lwm2m/debug/objects/source/SystemStartup.o
 .text.Retcode_GetCode
                0x00020420       0x20 /root/XDK-Workspace/lwm2m/debug/objects/source/SystemStartup.o
 .text.bleGetMacAddress
                0x00020440       0xec /root/XDK-Workspace/lwm2m/debug/objects/source/SystemStartup.o
 .text.SysTickPreCallback
                0x0002052c       0x14 /root/XDK-Workspace/lwm2m/debug/objects/source/SystemStartup.o
 .text.DefaultErrorHandlingFunc
                0x00020540       0xf4 /root/XDK-Workspace/lwm2m/debug/objects/source/SystemStartup.o
                0x00020540                DefaultErrorHandlingFunc
 .text.assertIndicationMapping
                0x00020634       0x44 /root/XDK-Workspace/lwm2m/debug/objects/source/SystemStartup.o
                0x00020634                assertIndicationMapping
 .text.systemStartup
                0x00020678      0x154 /root/XDK-Workspace/lwm2m/debug/objects/source/SystemStartup.o
                0x00020678                systemStartup
 .text.vApplicationStackOverflowHook
                0x000207cc       0x5c /root/XDK-Workspace/lwm2m/debug/objects/source/SystemStartup.o
                0x000207cc                vApplicationStackOverflowHook
 .text.vApplicationMallocFailedHook
                0x00020828       0x14 /root/XDK-Workspace/lwm2m/debug/objects/source/SystemStartup.o
                0x00020828                vApplicationMallocFailedHook
 .text.NVIC_SystemReset
                0x0002083c       0x30 /root/XDK-Workspace/lwm2m/debug/objects/source/UsbResetUtility.o
 .text.UsbResetUtility_SystemReset
                0x0002086c       0x10 /root/XDK-Workspace/lwm2m/debug/objects/source/UsbResetUtility.o
 .text.UsbResetUtility_InteruptHandling
                0x0002087c       0x54 /root/XDK-Workspace/lwm2m/debug/objects/source/UsbResetUtility.o
 .text.UsbResetUtility_Init
                0x000208d0       0x40 /root/XDK-Workspace/lwm2m/debug/objects/source/UsbResetUtility.o
                0x000208d0                UsbResetUtility_Init
 .text.UsbResetUtility_UsbISRCallback
                0x00020910      0x138 /root/XDK-Workspace/lwm2m/debug/objects/source/UsbResetUtility.o
                0x00020910                UsbResetUtility_UsbISRCallback
 .text._close   0x00020a48       0x18 /root/XDK-Workspace/lwm2m/debug/objects/source/RetargetStdio.o
                0x00020a48                _close
 .text._exit    0x00020a60        0xc /root/XDK-Workspace/lwm2m/debug/objects/source/RetargetStdio.o
                0x00020a60                _exit
 .text._fstat   0x00020a6c       0x24 /root/XDK-Workspace/lwm2m/debug/objects/source/RetargetStdio.o
                0x00020a6c                _fstat
 .text._isatty  0x00020a90       0x18 /root/XDK-Workspace/lwm2m/debug/objects/source/RetargetStdio.o
                0x00020a90                _isatty
 .text._lseek   0x00020aa8       0x1c /root/XDK-Workspace/lwm2m/debug/objects/source/RetargetStdio.o
                0x00020aa8                _lseek
 .text._read    0x00020ac4       0x70 /root/XDK-Workspace/lwm2m/debug/objects/source/RetargetStdio.o
                0x00020ac4                _read
 .text._sbrk    0x00020b34       0xa0 /root/XDK-Workspace/lwm2m/debug/objects/source/RetargetStdio.o
                0x00020b34                _sbrk
 .text._write   0x00020bd4       0x20 /root/XDK-Workspace/lwm2m/debug/objects/source/RetargetStdio.o
                0x00020bd4                _write
 .text.Assert_Initialize
                0x00020bf4       0x40 /root/XDK-Workspace/lwm2m/debug/objects/source/Assert.o
                0x00020bf4                Assert_Initialize
 .text.Assert_Dynamic
                0x00020c34       0x2c /root/XDK-Workspace/lwm2m/debug/objects/source/Assert.o
                0x00020c34                Assert_Dynamic
 .text.INT_Disable
                0x00020c60       0x40 /root/XDK-Workspace/lwm2m/debug/objects/./../Libraries/EMlib/3rd-party/EMLib/usb/src/em_usbdint.o
 .text.INT_Enable
                0x00020ca0       0x54 /root/XDK-Workspace/lwm2m/debug/objects/./../Libraries/EMlib/3rd-party/EMLib/usb/src/em_usbdint.o
 .text.USBHAL_FlushTxFifo
                0x00020cf4       0x4c /root/XDK-Workspace/lwm2m/debug/objects/./../Libraries/EMlib/3rd-party/EMLib/usb/src/em_usbdint.o
 .text.USBHAL_GetCoreInts
                0x00020d40       0x40 /root/XDK-Workspace/lwm2m/debug/objects/./../Libraries/EMlib/3rd-party/EMLib/usb/src/em_usbdint.o
 .text.USBDHAL_EnableInts
                0x00020d80       0x70 /root/XDK-Workspace/lwm2m/debug/objects/./../Libraries/EMlib/3rd-party/EMLib/usb/src/em_usbdint.o
 .text.USBDHAL_Ep0Activate
                0x00020df0       0x70 /root/XDK-Workspace/lwm2m/debug/objects/./../Libraries/EMlib/3rd-party/EMLib/usb/src/em_usbdint.o
 .text.USBDHAL_GetAllInEpInts
                0x00020e60       0x48 /root/XDK-Workspace/lwm2m/debug/objects/./../Libraries/EMlib/3rd-party/EMLib/usb/src/em_usbdint.o
 .text.USBDHAL_GetAllOutEpInts
                0x00020ea8       0x44 /root/XDK-Workspace/lwm2m/debug/objects/./../Libraries/EMlib/3rd-party/EMLib/usb/src/em_usbdint.o
 .text.USBDHAL_GetInEpInts
                0x00020eec       0x44 /root/XDK-Workspace/lwm2m/debug/objects/./../Libraries/EMlib/3rd-party/EMLib/usb/src/em_usbdint.o
 .text.USBDHAL_GetOutEpInts
                0x00020f30       0x44 /root/XDK-Workspace/lwm2m/debug/objects/./../Libraries/EMlib/3rd-party/EMLib/usb/src/em_usbdint.o
 .text.USBDHAL_StartEp0Setup
                0x00020f74       0x88 /root/XDK-Workspace/lwm2m/debug/objects/./../Libraries/EMlib/3rd-party/EMLib/usb/src/em_usbdint.o
 .text.USBD_GetEpFromAddr
                0x00020ffc       0xa0 /root/XDK-Workspace/lwm2m/debug/objects/./../Libraries/EMlib/3rd-party/EMLib/usb/src/em_usbdint.o
 .text.USB_IRQHandler
                0x0002109c      0x16c /root/XDK-Workspace/lwm2m/debug/objects/./../Libraries/EMlib/3rd-party/EMLib/usb/src/em_usbdint.o
                0x0002109c                USB_IRQHandler
 .text.Handle_USB_GINTSTS_ENUMDONE
                0x00021208       0x3c /root/XDK-Workspace/lwm2m/debug/objects/./../Libraries/EMlib/3rd-party/EMLib/usb/src/em_usbdint.o
 .text.Handle_USB_GINTSTS_IEPINT
                0x00021244      0x118 /root/XDK-Workspace/lwm2m/debug/objects/./../Libraries/EMlib/3rd-party/EMLib/usb/src/em_usbdint.o
 .text.Handle_USB_GINTSTS_OEPINT
                0x0002135c      0x230 /root/XDK-Workspace/lwm2m/debug/objects/./../Libraries/EMlib/3rd-party/EMLib/usb/src/em_usbdint.o
 .text.Handle_USB_GINTSTS_RESETDET
                0x0002158c       0x40 /root/XDK-Workspace/lwm2m/debug/objects/./../Libraries/EMlib/3rd-party/EMLib/usb/src/em_usbdint.o
 .text.Handle_USB_GINTSTS_SOF
                0x000215cc       0x64 /root/XDK-Workspace/lwm2m/debug/objects/./../Libraries/EMlib/3rd-party/EMLib/usb/src/em_usbdint.o
 .text.Handle_USB_GINTSTS_USBRST
                0x00021630      0x150 /root/XDK-Workspace/lwm2m/debug/objects/./../Libraries/EMlib/3rd-party/EMLib/usb/src/em_usbdint.o
 .text.Handle_USB_GINTSTS_USBSUSP
                0x00021780       0x68 /root/XDK-Workspace/lwm2m/debug/objects/./../Libraries/EMlib/3rd-party/EMLib/usb/src/em_usbdint.o
 .text.Handle_USB_GINTSTS_WKUPINT
                0x000217e8       0x30 /root/XDK-Workspace/lwm2m/debug/objects/./../Libraries/EMlib/3rd-party/EMLib/usb/src/em_usbdint.o
 .text.main     0x00021818       0xa8 /root/XDK-Workspace/lwm2m/debug/objects/Main.o
                0x00021818                main
 .text.CheckEmptyCfg
                0x000218c0       0x34 /root/XDK-Workspace/lwm2m/debug/objects/Lwm2mInterface.o
 .text.FotaNotificationcallback
                0x000218f4      0x180 /root/XDK-Workspace/lwm2m/debug/objects/Lwm2mInterface.o
                0x000218f4                FotaNotificationcallback
 .text.FotaInit
                0x00021a74       0x64 /root/XDK-Workspace/lwm2m/debug/objects/Lwm2mInterface.o
                0x00021a74                FotaInit
 .text.timeChanged
                0x00021ad8       0x48 /root/XDK-Workspace/lwm2m/debug/objects/Lwm2mInterface.o
                0x00021ad8                timeChanged
 .text.EnqueueRegitrationUpdateEvt
                0x00021b20       0xb4 /root/XDK-Workspace/lwm2m/debug/objects/Lwm2mInterface.o
 .text.registrationCallback
                0x00021bd4      0x178 /root/XDK-Workspace/lwm2m/debug/objects/Lwm2mInterface.o
 .text.registrationUpdateCallback
                0x00021d4c       0x50 /root/XDK-Workspace/lwm2m/debug/objects/Lwm2mInterface.o
 .text.deregistrationCallback
                0x00021d9c       0x50 /root/XDK-Workspace/lwm2m/debug/objects/Lwm2mInterface.o
 .text.NotificationCallback
                0x00021dec       0x9c /root/XDK-Workspace/lwm2m/debug/objects/Lwm2mInterface.o
 .text.RegistrationUpdate
                0x00021e88       0x48 /root/XDK-Workspace/lwm2m/debug/objects/Lwm2mInterface.o
                0x00021e88                RegistrationUpdate
 .text.applicationCallback
                0x00021ed0       0xb0 /root/XDK-Workspace/lwm2m/debug/objects/Lwm2mInterface.o
 .text.Lwm2mInterface_copyToBuffer
                0x00021f80       0x5c /root/XDK-Workspace/lwm2m/debug/objects/Lwm2mInterface.o
 .text.Lwm2mInterface_securityCallback
                0x00021fdc       0x9c /root/XDK-Workspace/lwm2m/debug/objects/Lwm2mInterface.o
 .text.Lwm2mInterfaceStart
                0x00022078      0x1dc /root/XDK-Workspace/lwm2m/debug/objects/Lwm2mInterface.o
                0x00022078                Lwm2mInterfaceStart
 .text.Lwm2mInterfaceInitialize
                0x00022254       0x64 /root/XDK-Workspace/lwm2m/debug/objects/Lwm2mInterface.o
                0x00022254                Lwm2mInterfaceInitialize
 .text.WlanConnect
                0x000222b8      0x140 /root/XDK-Workspace/lwm2m/debug/objects/lwm2m.o
 .text.ServalPalSetup
                0x000223f8       0x7c /root/XDK-Workspace/lwm2m/debug/objects/lwm2m.o
 .text.Init     0x00022474      0x17c /root/XDK-Workspace/lwm2m/debug/objects/lwm2m.o
                0x00022474                Init
 .text.appInitSystem
                0x000225f0       0x44 /root/XDK-Workspace/lwm2m/debug/objects/lwm2m.o
                0x000225f0                appInitSystem
 .text.GetAppCmdProcessorHandle
                0x00022634       0x18 /root/XDK-Workspace/lwm2m/debug/objects/lwm2m.o
                0x00022634                GetAppCmdProcessorHandle
 .text          0x0002264c       0x98 /root/XDK-Workspace/lwm2m/debug/objects/startup_efm32gg.o
                0x0002264c                Reset_Handler
                0x00022680                Default_Handler
                0x00022682                NMI_Handler
                0x00022684                HardFault_Handler
                0x00022686                MemManage_Handler
                0x00022688                BusFault_Handler
                0x0002268a                UsageFault_Handler
                0x0002268e                DebugMon_Handler
                0x00022698                TIMER0_IRQHandler
                0x0002269e                ACMP0_IRQHandler
                0x000226a2                ADC0_IRQHandler
                0x000226a4                DAC0_IRQHandler
                0x000226ac                TIMER1_IRQHandler
                0x000226ae                TIMER2_IRQHandler
                0x000226b0                TIMER3_IRQHandler
                0x000226b6                LESENSE_IRQHandler
                0x000226c4                LEUART0_IRQHandler
                0x000226c6                LEUART1_IRQHandler
                0x000226c8                LETIMER0_IRQHandler
                0x000226ca                PCNT0_IRQHandler
                0x000226cc                PCNT1_IRQHandler
                0x000226ce                PCNT2_IRQHandler
                0x000226d2                BURTC_IRQHandler
                0x000226d4                CMU_IRQHandler
                0x000226d6                VCMP_IRQHandler
                0x000226d8                LCD_IRQHandler
                0x000226da                MSC_IRQHandler
                0x000226dc                AES_IRQHandler
                0x000226de                EBI_IRQHandler
                0x000226e0                EMU_IRQHandler
 .text.NVIC_SetPriorityGrouping
                0x000226e4       0x50 ./../Platform/BSP/debug/libBSP_efm32_debug.a(BSP_Board.o)
 .text.NVIC_EnableIRQ
                0x00022734       0x38 ./../Platform/BSP/debug/libBSP_efm32_debug.a(BSP_Board.o)
 .text.NVIC_DisableIRQ
                0x0002276c       0x3c ./../Platform/BSP/debug/libBSP_efm32_debug.a(BSP_Board.o)
 .text.NVIC_ClearPendingIRQ
                0x000227a8       0x3c ./../Platform/BSP/debug/libBSP_efm32_debug.a(BSP_Board.o)
 .text.NVIC_SetPriority
                0x000227e4       0x5c ./../Platform/BSP/debug/libBSP_efm32_debug.a(BSP_Board.o)
 .text.NVIC_SystemReset
                0x00022840       0x30 ./../Platform/BSP/debug/libBSP_efm32_debug.a(BSP_Board.o)
 .text.SysTick_Config
                0x00022870       0x64 ./../Platform/BSP/debug/libBSP_efm32_debug.a(BSP_Board.o)
 .text.CHIP_Init
                0x000228d4       0x50 ./../Platform/BSP/debug/libBSP_efm32_debug.a(BSP_Board.o)
 .text.GPIO_PinOutClear
                0x00022924       0x4c ./../Platform/BSP/debug/libBSP_efm32_debug.a(BSP_Board.o)
 .text.GPIO_PinOutSet
                0x00022970       0x4c ./../Platform/BSP/debug/libBSP_efm32_debug.a(BSP_Board.o)
 .text.INT_Disable
                0x000229bc       0x40 ./../Platform/BSP/debug/libBSP_efm32_debug.a(BSP_Board.o)
 .text.INT_Enable
                0x000229fc       0x54 ./../Platform/BSP/debug/libBSP_efm32_debug.a(BSP_Board.o)
 .text.BSP_Board_OSTickInitialize
                0x00022a50       0x2c ./../Platform/BSP/debug/libBSP_efm32_debug.a(BSP_Board.o)
                0x00022a50                BSP_Board_OSTickInitialize
 .text.BSP_Board_Initialize
                0x00022a7c      0x150 ./../Platform/BSP/debug/libBSP_efm32_debug.a(BSP_Board.o)
                0x00022a7c                BSP_Board_Initialize
 .text.BSP_Board_Delay
                0x00022bcc       0x30 ./../Platform/BSP/debug/libBSP_efm32_debug.a(BSP_Board.o)
                0x00022bcc                BSP_Board_Delay
 .text.BSP_Board_SetOStoBSPDelayFunc
                0x00022bfc       0x20 ./../Platform/BSP/debug/libBSP_efm32_debug.a(BSP_Board.o)
                0x00022bfc                BSP_Board_SetOStoBSPDelayFunc
 .text.Board_GPIOInterruptInit
                0x00022c1c       0x30 ./../Platform/BSP/debug/libBSP_efm32_debug.a(BSP_Board.o)
                0x00022c1c                Board_GPIOInterruptInit
 .text.Board_GPIOInterruptRegisterCallback
                0x00022c4c       0x38 ./../Platform/BSP/debug/libBSP_efm32_debug.a(BSP_Board.o)
                0x00022c4c                Board_GPIOInterruptRegisterCallback
 .text.Board_GPIOInterruptDispatch
                0x00022c84       0x64 ./../Platform/BSP/debug/libBSP_efm32_debug.a(BSP_Board.o)
                0x00022c84                Board_GPIOInterruptDispatch
 .text.Board_UART0_UART_Init
                0x00022ce8       0xcc ./../Platform/BSP/debug/libBSP_efm32_debug.a(BSP_Board.o)
                0x00022ce8                Board_UART0_UART_Init
 .text.Board_UART1_UART_Init
                0x00022db4       0xcc ./../Platform/BSP/debug/libBSP_efm32_debug.a(BSP_Board.o)
                0x00022db4                Board_UART1_UART_Init
 .text.Board_USART0_SPI_Init
                0x00022e80       0xa8 ./../Platform/BSP/debug/libBSP_efm32_debug.a(BSP_Board.o)
                0x00022e80                Board_USART0_SPI_Init
 .text.Board_USART1_SPI_Init
                0x00022f28       0x8c ./../Platform/BSP/debug/libBSP_efm32_debug.a(BSP_Board.o)
                0x00022f28                Board_USART1_SPI_Init
 .text.Board_GPIO_Init
                0x00022fb4       0x6c ./../Platform/BSP/debug/libBSP_efm32_debug.a(BSP_Board.o)
                0x00022fb4                Board_GPIO_Init
 .text.Board_WakeupPowerSupply2V5
                0x00023020       0x50 ./../Platform/BSP/debug/libBSP_efm32_debug.a(BSP_Board.o)
                0x00023020                Board_WakeupPowerSupply2V5
 .text.Board_SnoozePowerSupply2V5
                0x00023070       0x4c ./../Platform/BSP/debug/libBSP_efm32_debug.a(BSP_Board.o)
                0x00023070                Board_SnoozePowerSupply2V5
 .text.PowerSupply2V5UpdateRegister
                0x000230bc      0x268 ./../Platform/BSP/debug/libBSP_efm32_debug.a(BSP_Board.o)
                0x000230bc                PowerSupply2V5UpdateRegister
 .text.Board_ADC_Init
                0x00023324       0x78 ./../Platform/BSP/debug/libBSP_efm32_debug.a(BSP_Board.o)
                0x00023324                Board_ADC_Init
 .text.Board_I2C0_Init
                0x0002339c       0x54 ./../Platform/BSP/debug/libBSP_efm32_debug.a(BSP_Board.o)
                0x0002339c                Board_I2C0_Init
 .text.Board_I2C1_Init
                0x000233f0       0x54 ./../Platform/BSP/debug/libBSP_efm32_debug.a(BSP_Board.o)
                0x000233f0                Board_I2C1_Init
 .text.Board_USB_Init
                0x00023444       0x70 ./../Platform/BSP/debug/libBSP_efm32_debug.a(BSP_Board.o)
                0x00023444                Board_USB_Init
 .text.Board_IncTick
                0x000234b4       0x24 ./../Platform/BSP/debug/libBSP_efm32_debug.a(BSP_Board.o)
                0x000234b4                Board_IncTick
 .text.Board_GetTick
                0x000234d8       0x18 ./../Platform/BSP/debug/libBSP_efm32_debug.a(BSP_Board.o)
                0x000234d8                Board_GetTick
 .text.Board_Delay
                0x000234f0       0x30 ./../Platform/BSP/debug/libBSP_efm32_debug.a(BSP_Board.o)
                0x000234f0                Board_Delay
 .text.Board_RTC_Init
                0x00023520       0xa0 ./../Platform/BSP/debug/libBSP_efm32_debug.a(BSP_Board.o)
                0x00023520                Board_RTC_Init
 .text.Board_BURTC_Init
                0x000235c0       0x28 ./../Platform/BSP/debug/libBSP_efm32_debug.a(BSP_Board.o)
                0x000235c0                Board_BURTC_Init
 .text.BSP_Board_EnableSysTick
                0x000235e8       0x38 ./../Platform/BSP/debug/libBSP_efm32_debug.a(BSP_Board.o)
                0x000235e8                BSP_Board_EnableSysTick
 .text.BSP_Board_SoftReset
                0x00023620        0xc ./../Platform/BSP/debug/libBSP_efm32_debug.a(BSP_Board.o)
                0x00023620                BSP_Board_SoftReset
 .text.USB_setSerialNumber
                0x0002362c       0x7c ./../Platform/BSP/debug/libBSP_efm32_debug.a(BSP_USB.o)
 .text.USB_dataReceivedCallback
                0x000236a8       0x98 ./../Platform/BSP/debug/libBSP_efm32_debug.a(BSP_USB.o)
 .text.USB_dataTransferred
                0x00023740       0x4c ./../Platform/BSP/debug/libBSP_efm32_debug.a(BSP_USB.o)
 .text.USB_stateChange
                0x0002378c       0x58 ./../Platform/BSP/debug/libBSP_efm32_debug.a(BSP_USB.o)
                0x0002378c                USB_stateChange
 .text.USB_setupCommand
                0x000237e4      0x108 ./../Platform/BSP/debug/libBSP_efm32_debug.a(BSP_USB.o)
                0x000237e4                USB_setupCommand
 .text.USB_init
                0x000238ec       0xd0 ./../Platform/BSP/debug/libBSP_efm32_debug.a(BSP_USB.o)
                0x000238ec                USB_init
 .text.USB_receiveByte
                0x000239bc       0xa0 ./../Platform/BSP/debug/libBSP_efm32_debug.a(BSP_USB.o)
                0x000239bc                USB_receiveByte
 .text.RETARGET_WriteChar
                0x00023a5c       0x2c ./../Platform/BSP/debug/libBSP_efm32_debug.a(BSP_USB.o)
                0x00023a5c                RETARGET_WriteChar
 .text.USB_transmitData
                0x00023a88       0xc4 ./../Platform/BSP/debug/libBSP_efm32_debug.a(BSP_USB.o)
                0x00023a88                USB_transmitData
 .text.RETARGET_ReadChar
                0x00023b4c       0x24 ./../Platform/BSP/debug/libBSP_efm32_debug.a(BSP_USB.o)
                0x00023b4c                RETARGET_ReadChar
 .text.USB_callBackMapping
                0x00023b70       0x38 ./../Platform/BSP/debug/libBSP_efm32_debug.a(BSP_USB.o)
                0x00023b70                USB_callBackMapping
 .text.GPIO_PinOutClear
                0x00023ba8       0x4c ./../Platform/BSP/debug/libBSP_efm32_debug.a(BSP_LED.o)
 .text.GPIO_PinOutSet
                0x00023bf4       0x4c ./../Platform/BSP/debug/libBSP_efm32_debug.a(BSP_LED.o)
 .text.GPIO_PinOutToggle
                0x00023c40       0x4c ./../Platform/BSP/debug/libBSP_efm32_debug.a(BSP_LED.o)
 .text.BSP_LED_Connect
                0x00023c8c       0x48 ./../Platform/BSP/debug/libBSP_efm32_debug.a(BSP_LED.o)
                0x00023c8c                BSP_LED_Connect
 .text.BSP_LED_EnableAll
                0x00023cd4       0x3c ./../Platform/BSP/debug/libBSP_efm32_debug.a(BSP_LED.o)
                0x00023cd4                BSP_LED_EnableAll
 .text.BSP_LED_Switch
                0x00023d10      0x15c ./../Platform/BSP/debug/libBSP_efm32_debug.a(BSP_LED.o)
                0x00023d10                BSP_LED_Switch
 .text.BSP_LED_SwitchAll
                0x00023e6c       0xd0 ./../Platform/BSP/debug/libBSP_efm32_debug.a(BSP_LED.o)
                0x00023e6c                BSP_LED_SwitchAll
 .text.GPIO_IntClear
                0x00023f3c       0x20 ./../Platform/BSP/debug/libBSP_efm32_debug.a(BSP_IrqHandler.o)
 .text.GPIO_IntGetEnabled
                0x00023f5c       0x30 ./../Platform/BSP/debug/libBSP_efm32_debug.a(BSP_IrqHandler.o)
 .text.SysTick_Handler
                0x00023f8c       0x40 ./../Platform/BSP/debug/libBSP_efm32_debug.a(BSP_IrqHandler.o)
                0x00023f8c                SysTick_Handler
 .text.GPIO_EVEN_IRQHandler
                0x00023fcc       0x28 ./../Platform/BSP/debug/libBSP_efm32_debug.a(BSP_IrqHandler.o)
                0x00023fcc                GPIO_EVEN_IRQHandler
 .text.GPIO_ODD_IRQHandler
                0x00023ff4       0x28 ./../Platform/BSP/debug/libBSP_efm32_debug.a(BSP_IrqHandler.o)
                0x00023ff4                GPIO_ODD_IRQHandler
 .text.UART0_TX_IRQHandler
                0x0002401c        0xc ./../Platform/BSP/debug/libBSP_efm32_debug.a(BSP_IrqHandler.o)
                0x0002401c                UART0_TX_IRQHandler
 .text.UART0_RX_IRQHandler
                0x00024028        0xc ./../Platform/BSP/debug/libBSP_efm32_debug.a(BSP_IrqHandler.o)
                0x00024028                UART0_RX_IRQHandler
 .text.USART0_TX_IRQHandler
                0x00024034        0xc ./../Platform/BSP/debug/libBSP_efm32_debug.a(BSP_IrqHandler.o)
                0x00024034                USART0_TX_IRQHandler
 .text.USART0_RX_IRQHandler
                0x00024040        0xc ./../Platform/BSP/debug/libBSP_efm32_debug.a(BSP_IrqHandler.o)
                0x00024040                USART0_RX_IRQHandler
 .text.I2C0_IRQHandler
                0x0002404c        0xc ./../Platform/BSP/debug/libBSP_efm32_debug.a(BSP_IrqHandler.o)
                0x0002404c                I2C0_IRQHandler
 .text.I2C1_IRQHandler
                0x00024058        0xc ./../Platform/BSP/debug/libBSP_efm32_debug.a(BSP_IrqHandler.o)
                0x00024058                I2C1_IRQHandler
 .text.USART2_TX_IRQHandler
                0x00024064        0xc ./../Platform/BSP/debug/libBSP_efm32_debug.a(BSP_IrqHandler.o)
                0x00024064                USART2_TX_IRQHandler
 .text.USART2_RX_IRQHandler
                0x00024070        0xc ./../Platform/BSP/debug/libBSP_efm32_debug.a(BSP_IrqHandler.o)
                0x00024070                USART2_RX_IRQHandler
 .text.UART1_TX_IRQHandler
                0x0002407c        0xc ./../Platform/BSP/debug/libBSP_efm32_debug.a(BSP_IrqHandler.o)
                0x0002407c                UART1_TX_IRQHandler
 .text.UART1_RX_IRQHandler
                0x00024088        0xc ./../Platform/BSP/debug/libBSP_efm32_debug.a(BSP_IrqHandler.o)
                0x00024088                UART1_RX_IRQHandler
 .text.USART1_TX_IRQHandler
                0x00024094        0xc ./../Platform/BSP/debug/libBSP_efm32_debug.a(BSP_IrqHandler.o)
                0x00024094                USART1_TX_IRQHandler
 .text.USART1_RX_IRQHandler
                0x000240a0        0xc ./../Platform/BSP/debug/libBSP_efm32_debug.a(BSP_IrqHandler.o)
                0x000240a0                USART1_RX_IRQHandler
 .text.RTC_IRQHandler
                0x000240ac        0xc ./../Platform/BSP/debug/libBSP_efm32_debug.a(BSP_IrqHandler.o)
                0x000240ac                RTC_IRQHandler
 .text.IrqHandler_SysTickDummyHandler
                0x000240b8       0x10 ./../Platform/BSP/debug/libBSP_efm32_debug.a(BSP_IrqHandler.o)
                0x000240b8                IrqHandler_SysTickDummyHandler
 .text.NVIC_EnableIRQ
                0x000240c8       0x38 ./../Platform/BSP/debug/libBSP_efm32_debug.a(BSP_DMA.o)
 .text.NVIC_ClearPendingIRQ
                0x00024100       0x3c ./../Platform/BSP/debug/libBSP_efm32_debug.a(BSP_DMA.o)
 .text.NVIC_SetPriority
                0x0002413c       0x5c ./../Platform/BSP/debug/libBSP_efm32_debug.a(BSP_DMA.o)
 .text.BSP_DMA_Initialize
                0x00024198       0x88 ./../Platform/BSP/debug/libBSP_efm32_debug.a(BSP_DMA.o)
                0x00024198                BSP_DMA_Initialize
 .text.BSP_DMA_Enable
                0x00024220       0x54 ./../Platform/BSP/debug/libBSP_efm32_debug.a(BSP_DMA.o)
                0x00024220                BSP_DMA_Enable
 .text.GPIO_PinOutClear
                0x00024274       0x4c ./../Platform/BSP/debug/libBSP_efm32_debug.a(BSP_SDCard.o)
 .text.GPIO_PinOutSet
                0x000242c0       0x4c ./../Platform/BSP/debug/libBSP_efm32_debug.a(BSP_SDCard.o)
 .text.BSP_SDCard_SetCSHigh
                0x0002430c       0x18 ./../Platform/BSP/debug/libBSP_efm32_debug.a(BSP_SDCard.o)
                0x0002430c                BSP_SDCard_SetCSHigh
 .text.BSP_SDCard_SetCSLow
                0x00024324       0x18 ./../Platform/BSP/debug/libBSP_efm32_debug.a(BSP_SDCard.o)
                0x00024324                BSP_SDCard_SetCSLow
 .text.SDCard_SPIRxISR
                0x0002433c       0x28 ./../Platform/BSP/debug/libBSP_efm32_debug.a(BSP_SDCard.o)
                0x0002433c                SDCard_SPIRxISR
 .text.SDCard_SPITxISR
                0x00024364       0x28 ./../Platform/BSP/debug/libBSP_efm32_debug.a(BSP_SDCard.o)
                0x00024364                SDCard_SPITxISR
 .text.SensorNode_I2CISR
                0x0002438c       0x28 ./../Platform/BSP/debug/libBSP_efm32_debug.a(BSP_SensorNode.o)
                0x0002438c                SensorNode_I2CISR
 .text.BT_EM9301_UART_TxISR
                0x000243b4       0x28 ./../Platform/BSP/debug/libBSP_efm32_debug.a(BSP_BT_EM9301.o)
                0x000243b4                BT_EM9301_UART_TxISR
 .text.BT_EM9301_UART_RxISR
                0x000243dc       0x28 ./../Platform/BSP/debug/libBSP_efm32_debug.a(BSP_BT_EM9301.o)
                0x000243dc                BT_EM9301_UART_RxISR
 .text.NVIC_EnableIRQ
                0x00024404       0x38 ./../Platform/BSP/debug/libBSP_efm32_debug.a(BSP_WiFi_cc3100mod.o)
 .text.NVIC_DisableIRQ
                0x0002443c       0x3c ./../Platform/BSP/debug/libBSP_efm32_debug.a(BSP_WiFi_cc3100mod.o)
 .text.NVIC_ClearPendingIRQ
                0x00024478       0x3c ./../Platform/BSP/debug/libBSP_efm32_debug.a(BSP_WiFi_cc3100mod.o)
 .text.NVIC_SetPriority
                0x000244b4       0x5c ./../Platform/BSP/debug/libBSP_efm32_debug.a(BSP_WiFi_cc3100mod.o)
 .text.GPIO_IntClear
                0x00024510       0x20 ./../Platform/BSP/debug/libBSP_efm32_debug.a(BSP_WiFi_cc3100mod.o)
 .text.GPIO_IntDisable
                0x00024530       0x34 ./../Platform/BSP/debug/libBSP_efm32_debug.a(BSP_WiFi_cc3100mod.o)
 .text.GPIO_IntEnable
                0x00024564       0x30 ./../Platform/BSP/debug/libBSP_efm32_debug.a(BSP_WiFi_cc3100mod.o)
 .text.GPIO_PinOutClear
                0x00024594       0x4c ./../Platform/BSP/debug/libBSP_efm32_debug.a(BSP_WiFi_cc3100mod.o)
 .text.GPIO_PinOutSet
                0x000245e0       0x4c ./../Platform/BSP/debug/libBSP_efm32_debug.a(BSP_WiFi_cc3100mod.o)
 .text.Board_GPIOInterruptUnregisterCallback
                0x0002462c       0x20 ./../Platform/BSP/debug/libBSP_efm32_debug.a(BSP_WiFi_cc3100mod.o)
 .text.BSP_WiFi_CC3100MOD_Connect
                0x0002464c      0x1e8 ./../Platform/BSP/debug/libBSP_efm32_debug.a(BSP_WiFi_cc3100mod.o)
                0x0002464c                BSP_WiFi_CC3100MOD_Connect
 .text.BSP_WiFi_CC3100MOD_Enable
                0x00024834      0x1a4 ./../Platform/BSP/debug/libBSP_efm32_debug.a(BSP_WiFi_cc3100mod.o)
                0x00024834                BSP_WiFi_CC3100MOD_Enable
 .text.BSP_WiFi_CC3100MOD_Disable
                0x000249d8       0xb0 ./../Platform/BSP/debug/libBSP_efm32_debug.a(BSP_WiFi_cc3100mod.o)
                0x000249d8                BSP_WiFi_CC3100MOD_Disable
 .text.BSP_WiFi_CC3100MOD_GetSPIHandle
                0x00024a88       0x14 ./../Platform/BSP/debug/libBSP_efm32_debug.a(BSP_WiFi_cc3100mod.o)
                0x00024a88                BSP_WiFi_CC3100MOD_GetSPIHandle
 .text.BSP_WiFi_CC3100MOD_SetCSLow
                0x00024a9c       0x18 ./../Platform/BSP/debug/libBSP_efm32_debug.a(BSP_WiFi_cc3100mod.o)
                0x00024a9c                BSP_WiFi_CC3100MOD_SetCSLow
 .text.BSP_WiFi_CC3100MOD_SetCSHigh
                0x00024ab4       0x18 ./../Platform/BSP/debug/libBSP_efm32_debug.a(BSP_WiFi_cc3100mod.o)
                0x00024ab4                BSP_WiFi_CC3100MOD_SetCSHigh
 .text.WiFi_CC3100MOD_SPIRxISR
                0x00024acc       0x28 ./../Platform/BSP/debug/libBSP_efm32_debug.a(BSP_WiFi_cc3100mod.o)
                0x00024acc                WiFi_CC3100MOD_SPIRxISR
 .text.WiFi_CC3100MOD_SPITxISR
                0x00024af4       0x28 ./../Platform/BSP/debug/libBSP_efm32_debug.a(BSP_WiFi_cc3100mod.o)
                0x00024af4                WiFi_CC3100MOD_SPITxISR
 .text.WiFi_CC3100MOD_SPI_RxDMAComplete
                0x00024b1c       0x38 ./../Platform/BSP/debug/libBSP_efm32_debug.a(BSP_WiFi_cc3100mod.o)
                0x00024b1c                WiFi_CC3100MOD_SPI_RxDMAComplete
 .text.WiFi_CC3100MOD_SPI_TxDMAComplete
                0x00024b54       0x38 ./../Platform/BSP/debug/libBSP_efm32_debug.a(BSP_WiFi_cc3100mod.o)
                0x00024b54                WiFi_CC3100MOD_SPI_TxDMAComplete
 .text.WiFi_INT_InterruptCallback
                0x00024b8c       0x14 ./../Platform/BSP/debug/libBSP_efm32_debug.a(BSP_WiFi_cc3100mod.o)
 .text.BSP_ExtensionPort_I2cIsr
                0x00024ba0       0x5c ./../Platform/BSP/debug/libBSP_efm32_debug.a(BSP_ExtensionPort.o)
                0x00024ba0                BSP_ExtensionPort_I2cIsr
 .text.BSP_ExtensionPort_SpiRxIsr
                0x00024bfc       0x5c ./../Platform/BSP/debug/libBSP_efm32_debug.a(BSP_ExtensionPort.o)
                0x00024bfc                BSP_ExtensionPort_SpiRxIsr
 .text.BSP_ExtensionPort_SpiTxIsr
                0x00024c58       0x5c ./../Platform/BSP/debug/libBSP_efm32_debug.a(BSP_ExtensionPort.o)
                0x00024c58                BSP_ExtensionPort_SpiTxIsr
 .text.BSP_ExtensionPort_UARTRxIsr
                0x00024cb4       0x5c ./../Platform/BSP/debug/libBSP_efm32_debug.a(BSP_ExtensionPort.o)
                0x00024cb4                BSP_ExtensionPort_UARTRxIsr
 .text.BSP_ExtensionPort_UARTTxIsr
                0x00024d10       0x5c ./../Platform/BSP/debug/libBSP_efm32_debug.a(BSP_ExtensionPort.o)
                0x00024d10                BSP_ExtensionPort_UARTTxIsr
 .text.xTaskGenericCreate
                0x00024d6c      0x1d0 ./../Libraries/FreeRTOS/debug/libFreeRTOS_efm32_debug.a(tasks.o)
                0x00024d6c                xTaskGenericCreate
 .text.vTaskDelete
                0x00024f3c      0x12c ./../Libraries/FreeRTOS/debug/libFreeRTOS_efm32_debug.a(tasks.o)
                0x00024f3c                vTaskDelete
 .text.vTaskDelay
                0x00025068       0xac ./../Libraries/FreeRTOS/debug/libFreeRTOS_efm32_debug.a(tasks.o)
                0x00025068                vTaskDelay
 .text.vTaskStartScheduler
                0x00025114       0xa0 ./../Libraries/FreeRTOS/debug/libFreeRTOS_efm32_debug.a(tasks.o)
                0x00025114                vTaskStartScheduler
 .text.vTaskSuspendAll
                0x000251b4       0x24 ./../Libraries/FreeRTOS/debug/libFreeRTOS_efm32_debug.a(tasks.o)
                0x000251b4                vTaskSuspendAll
 .text.xTaskResumeAll
                0x000251d8      0x180 ./../Libraries/FreeRTOS/debug/libFreeRTOS_efm32_debug.a(tasks.o)
                0x000251d8                xTaskResumeAll
 .text.xTaskGetTickCount
                0x00025358       0x20 ./../Libraries/FreeRTOS/debug/libFreeRTOS_efm32_debug.a(tasks.o)
                0x00025358                xTaskGetTickCount
 .text.xTaskIncrementTick
                0x00025378      0x20c ./../Libraries/FreeRTOS/debug/libFreeRTOS_efm32_debug.a(tasks.o)
                0x00025378                xTaskIncrementTick
 .text.vTaskSwitchContext
                0x00025584      0x150 ./../Libraries/FreeRTOS/debug/libFreeRTOS_efm32_debug.a(tasks.o)
                0x00025584                vTaskSwitchContext
 .text.vTaskPlaceOnEventList
                0x000256d4       0xc4 ./../Libraries/FreeRTOS/debug/libFreeRTOS_efm32_debug.a(tasks.o)
                0x000256d4                vTaskPlaceOnEventList
 .text.vTaskPlaceOnEventListRestricted
                0x00025798       0xc4 ./../Libraries/FreeRTOS/debug/libFreeRTOS_efm32_debug.a(tasks.o)
                0x00025798                vTaskPlaceOnEventListRestricted
 .text.xTaskRemoveFromEventList
                0x0002585c       0xe8 ./../Libraries/FreeRTOS/debug/libFreeRTOS_efm32_debug.a(tasks.o)
                0x0002585c                xTaskRemoveFromEventList
 .text.vTaskSetTimeOutState
                0x00025944       0x44 ./../Libraries/FreeRTOS/debug/libFreeRTOS_efm32_debug.a(tasks.o)
                0x00025944                vTaskSetTimeOutState
 .text.xTaskCheckForTimeOut
                0x00025988       0xc4 ./../Libraries/FreeRTOS/debug/libFreeRTOS_efm32_debug.a(tasks.o)
                0x00025988                xTaskCheckForTimeOut
 .text.vTaskMissedYield
                0x00025a4c       0x18 ./../Libraries/FreeRTOS/debug/libFreeRTOS_efm32_debug.a(tasks.o)
                0x00025a4c                vTaskMissedYield
 .text.prvIdleTask
                0x00025a64       0x10 ./../Libraries/FreeRTOS/debug/libFreeRTOS_efm32_debug.a(tasks.o)
 .text.prvInitialiseTCBVariables
                0x00025a74       0xbc ./../Libraries/FreeRTOS/debug/libFreeRTOS_efm32_debug.a(tasks.o)
 .text.prvInitialiseTaskLists
                0x00025b30       0xa4 ./../Libraries/FreeRTOS/debug/libFreeRTOS_efm32_debug.a(tasks.o)
 .text.prvCheckTasksWaitingTermination
                0x00025bd4       0x9c ./../Libraries/FreeRTOS/debug/libFreeRTOS_efm32_debug.a(tasks.o)
 .text.prvAddCurrentTaskToDelayedList
                0x00025c70       0x8c ./../Libraries/FreeRTOS/debug/libFreeRTOS_efm32_debug.a(tasks.o)
 .text.prvAllocateTCBAndStack
                0x00025cfc       0x7c ./../Libraries/FreeRTOS/debug/libFreeRTOS_efm32_debug.a(tasks.o)
 .text.prvDeleteTCB
                0x00025d78       0x20 ./../Libraries/FreeRTOS/debug/libFreeRTOS_efm32_debug.a(tasks.o)
 .text.prvResetNextTaskUnblockTime
                0x00025d98       0x5c ./../Libraries/FreeRTOS/debug/libFreeRTOS_efm32_debug.a(tasks.o)
 .text.xTaskGetSchedulerState
                0x00025df4       0x48 ./../Libraries/FreeRTOS/debug/libFreeRTOS_efm32_debug.a(tasks.o)
                0x00025df4                xTaskGetSchedulerState
 .text.vTaskPriorityInherit
                0x00025e3c      0x144 ./../Libraries/FreeRTOS/debug/libFreeRTOS_efm32_debug.a(tasks.o)
                0x00025e3c                vTaskPriorityInherit
 .text.xTaskPriorityDisinherit
                0x00025f80      0x13c ./../Libraries/FreeRTOS/debug/libFreeRTOS_efm32_debug.a(tasks.o)
                0x00025f80                xTaskPriorityDisinherit
 .text.pvTaskIncrementMutexHeldCount
                0x000260bc       0x38 ./../Libraries/FreeRTOS/debug/libFreeRTOS_efm32_debug.a(tasks.o)
                0x000260bc                pvTaskIncrementMutexHeldCount
 .text.xTimerCreateTimerTask
                0x000260f4       0x78 ./../Libraries/FreeRTOS/debug/libFreeRTOS_efm32_debug.a(timers.o)
                0x000260f4                xTimerCreateTimerTask
 .text.xTimerCreate
                0x0002616c       0x7c ./../Libraries/FreeRTOS/debug/libFreeRTOS_efm32_debug.a(timers.o)
                0x0002616c                xTimerCreate
 .text.xTimerGenericCommand
                0x000261e8       0xac ./../Libraries/FreeRTOS/debug/libFreeRTOS_efm32_debug.a(timers.o)
                0x000261e8                xTimerGenericCommand
 .text.prvProcessExpiredTimer
                0x00026294       0x88 ./../Libraries/FreeRTOS/debug/libFreeRTOS_efm32_debug.a(timers.o)
 .text.prvTimerTask
                0x0002631c       0x24 ./../Libraries/FreeRTOS/debug/libFreeRTOS_efm32_debug.a(timers.o)
 .text.prvProcessTimerOrBlockTask
                0x00026340       0x78 ./../Libraries/FreeRTOS/debug/libFreeRTOS_efm32_debug.a(timers.o)
 .text.prvGetNextExpireTime
                0x000263b8       0x54 ./../Libraries/FreeRTOS/debug/libFreeRTOS_efm32_debug.a(timers.o)
 .text.prvSampleTimeNow
                0x0002640c       0x4c ./../Libraries/FreeRTOS/debug/libFreeRTOS_efm32_debug.a(timers.o)
 .text.prvInsertTimerInActiveList
                0x00026458       0x94 ./../Libraries/FreeRTOS/debug/libFreeRTOS_efm32_debug.a(timers.o)
 .text.prvProcessReceivedCommands
                0x000264ec      0x174 ./../Libraries/FreeRTOS/debug/libFreeRTOS_efm32_debug.a(timers.o)
 .text.prvSwitchTimerLists
                0x00026660       0xf0 ./../Libraries/FreeRTOS/debug/libFreeRTOS_efm32_debug.a(timers.o)
 .text.prvCheckForValidListAndQueue
                0x00026750       0xb8 ./../Libraries/FreeRTOS/debug/libFreeRTOS_efm32_debug.a(timers.o)
 .text.pvTimerGetTimerID
                0x00026808       0x3c ./../Libraries/FreeRTOS/debug/libFreeRTOS_efm32_debug.a(timers.o)
                0x00026808                pvTimerGetTimerID
 .text.xTimerPendFunctionCallFromISR
                0x00026844       0x4c ./../Libraries/FreeRTOS/debug/libFreeRTOS_efm32_debug.a(timers.o)
                0x00026844                xTimerPendFunctionCallFromISR
 .text.pvPortMalloc
                0x00026890      0x1e0 ./../Libraries/FreeRTOS/debug/libFreeRTOS_efm32_debug.a(heap_4.o)
                0x00026890                pvPortMalloc
 .text.vPortFree
                0x00026a70       0xcc ./../Libraries/FreeRTOS/debug/libFreeRTOS_efm32_debug.a(heap_4.o)
                0x00026a70                vPortFree
 .text.prvHeapInit
                0x00026b3c       0xfc ./../Libraries/FreeRTOS/debug/libFreeRTOS_efm32_debug.a(heap_4.o)
 .text.prvInsertBlockIntoFreeList
                0x00026c38       0xbc ./../Libraries/FreeRTOS/debug/libFreeRTOS_efm32_debug.a(heap_4.o)
 .text.pxPortInitialiseStack
                0x00026cf4       0x64 ./../Libraries/FreeRTOS/debug/libFreeRTOS_efm32_debug.a(port.o)
                0x00026cf4                pxPortInitialiseStack
 .text.prvTaskExitError
                0x00026d58       0x2c ./../Libraries/FreeRTOS/debug/libFreeRTOS_efm32_debug.a(port.o)
 .text.SVC_Handler
                0x00026d84       0x24 ./../Libraries/FreeRTOS/debug/libFreeRTOS_efm32_debug.a(port.o)
                0x00026d84                SVC_Handler
 .text.prvPortStartFirstTask
                0x00026da8       0x20 ./../Libraries/FreeRTOS/debug/libFreeRTOS_efm32_debug.a(port.o)
 .text.xPortStartScheduler
                0x00026dc8      0x10c ./../Libraries/FreeRTOS/debug/libFreeRTOS_efm32_debug.a(port.o)
                0x00026dc8                xPortStartScheduler
 .text.vPortYield
                0x00026ed4       0x20 ./../Libraries/FreeRTOS/debug/libFreeRTOS_efm32_debug.a(port.o)
                0x00026ed4                vPortYield
 .text.vPortEnterCritical
                0x00026ef4       0x58 ./../Libraries/FreeRTOS/debug/libFreeRTOS_efm32_debug.a(port.o)
                0x00026ef4                vPortEnterCritical
 .text.vPortExitCritical
                0x00026f4c       0x54 ./../Libraries/FreeRTOS/debug/libFreeRTOS_efm32_debug.a(port.o)
                0x00026f4c                vPortExitCritical
 .text.ulPortSetInterruptMask
                0x00026fa0       0x14 ./../Libraries/FreeRTOS/debug/libFreeRTOS_efm32_debug.a(port.o)
                0x00026fa0                ulPortSetInterruptMask
 .text.vPortClearInterruptMask
                0x00026fb4        0x8 ./../Libraries/FreeRTOS/debug/libFreeRTOS_efm32_debug.a(port.o)
                0x00026fb4                vPortClearInterruptMask
 .text.PendSV_Handler
                0x00026fbc       0x44 ./../Libraries/FreeRTOS/debug/libFreeRTOS_efm32_debug.a(port.o)
                0x00026fbc                PendSV_Handler
 .text.xPortSysTickHandler
                0x00027000       0x2c ./../Libraries/FreeRTOS/debug/libFreeRTOS_efm32_debug.a(port.o)
                0x00027000                xPortSysTickHandler
 .text.vPortSetupTimerInterrupt
                0x0002702c       0x28 ./../Libraries/FreeRTOS/debug/libFreeRTOS_efm32_debug.a(port.o)
                0x0002702c                vPortSetupTimerInterrupt
 .text.vPortValidateInterruptPriority
                0x00027054       0x78 ./../Libraries/FreeRTOS/debug/libFreeRTOS_efm32_debug.a(port.o)
                0x00027054                vPortValidateInterruptPriority
 .text.vListInitialise
                0x000270cc       0x40 ./../Libraries/FreeRTOS/debug/libFreeRTOS_efm32_debug.a(list.o)
                0x000270cc                vListInitialise
 .text.vListInitialiseItem
                0x0002710c       0x1c ./../Libraries/FreeRTOS/debug/libFreeRTOS_efm32_debug.a(list.o)
                0x0002710c                vListInitialiseItem
 .text.vListInsertEnd
                0x00027128       0x48 ./../Libraries/FreeRTOS/debug/libFreeRTOS_efm32_debug.a(list.o)
                0x00027128                vListInsertEnd
 .text.vListInsert
                0x00027170       0x74 ./../Libraries/FreeRTOS/debug/libFreeRTOS_efm32_debug.a(list.o)
                0x00027170                vListInsert
 .text.uxListRemove
                0x000271e4       0x58 ./../Libraries/FreeRTOS/debug/libFreeRTOS_efm32_debug.a(list.o)
                0x000271e4                uxListRemove
 .text.xQueueGenericReset
                0x0002723c       0xc8 ./../Libraries/FreeRTOS/debug/libFreeRTOS_efm32_debug.a(queue.o)
                0x0002723c                xQueueGenericReset
 .text.xQueueGenericCreate
                0x00027304       0xb8 ./../Libraries/FreeRTOS/debug/libFreeRTOS_efm32_debug.a(queue.o)
                0x00027304                xQueueGenericCreate
 .text.xQueueCreateMutex
                0x000273bc       0xb8 ./../Libraries/FreeRTOS/debug/libFreeRTOS_efm32_debug.a(queue.o)
                0x000273bc                xQueueCreateMutex
 .text.xQueueGenericSend
                0x00027474      0x1c8 ./../Libraries/FreeRTOS/debug/libFreeRTOS_efm32_debug.a(queue.o)
                0x00027474                xQueueGenericSend
 .text.xQueueGenericSendFromISR
                0x0002763c      0x110 ./../Libraries/FreeRTOS/debug/libFreeRTOS_efm32_debug.a(queue.o)
                0x0002763c                xQueueGenericSendFromISR
 .text.xQueueGiveFromISR
                0x0002774c      0x108 ./../Libraries/FreeRTOS/debug/libFreeRTOS_efm32_debug.a(queue.o)
                0x0002774c                xQueueGiveFromISR
 .text.xQueueGenericReceive
                0x00027854      0x1e0 ./../Libraries/FreeRTOS/debug/libFreeRTOS_efm32_debug.a(queue.o)
                0x00027854                xQueueGenericReceive
 .text.vQueueDelete
                0x00027a34       0x38 ./../Libraries/FreeRTOS/debug/libFreeRTOS_efm32_debug.a(queue.o)
                0x00027a34                vQueueDelete
 .text.prvCopyDataToQueue
                0x00027a6c       0xe8 ./../Libraries/FreeRTOS/debug/libFreeRTOS_efm32_debug.a(queue.o)
 .text.prvCopyDataFromQueue
                0x00027b54       0x50 ./../Libraries/FreeRTOS/debug/libFreeRTOS_efm32_debug.a(queue.o)
 .text.prvUnlockQueue
                0x00027ba4       0xc0 ./../Libraries/FreeRTOS/debug/libFreeRTOS_efm32_debug.a(queue.o)
 .text.prvIsQueueEmpty
                0x00027c64       0x34 ./../Libraries/FreeRTOS/debug/libFreeRTOS_efm32_debug.a(queue.o)
 .text.prvIsQueueFull
                0x00027c98       0x38 ./../Libraries/FreeRTOS/debug/libFreeRTOS_efm32_debug.a(queue.o)
 .text.vQueueAddToRegistry
                0x00027cd0       0x64 ./../Libraries/FreeRTOS/debug/libFreeRTOS_efm32_debug.a(queue.o)
                0x00027cd0                vQueueAddToRegistry
 .text.vQueueUnregisterQueue
                0x00027d34       0x54 ./../Libraries/FreeRTOS/debug/libFreeRTOS_efm32_debug.a(queue.o)
                0x00027d34                vQueueUnregisterQueue
 .text.vQueueWaitForMessageRestricted
                0x00027d88       0x64 ./../Libraries/FreeRTOS/debug/libFreeRTOS_efm32_debug.a(queue.o)
                0x00027d88                vQueueWaitForMessageRestricted
 .text.prvNotifyQueueSetContainer
                0x00027dec       0xa8 ./../Libraries/FreeRTOS/debug/libFreeRTOS_efm32_debug.a(queue.o)
 .text.ADC_Init
                0x00027e94       0x68 ./../Libraries/EMlib/debug/libEMLib_efm32_debug.a(em_adc.o)
                0x00027e94                ADC_Init
 .text.ADC_PrescaleCalc
                0x00027efc       0x78 ./../Libraries/EMlib/debug/libEMLib_efm32_debug.a(em_adc.o)
                0x00027efc                ADC_PrescaleCalc
 .text.ADC_TimebaseCalc
                0x00027f74       0x74 ./../Libraries/EMlib/debug/libEMLib_efm32_debug.a(em_adc.o)
                0x00027f74                ADC_TimebaseCalc
 .text.BITBAND_Peripheral
                0x00027fe8       0x30 ./../Libraries/EMlib/debug/libEMLib_efm32_debug.a(em_cmu.o)
 .text.CMU_MaxFreqHfle
                0x00028018       0xb8 ./../Libraries/EMlib/debug/libEMLib_efm32_debug.a(em_cmu.o)
 .text.CMU_FlashWaitStateMax
                0x000280d0       0x68 ./../Libraries/EMlib/debug/libEMLib_efm32_debug.a(em_cmu.o)
 .text.CMU_DivToLog2
                0x00028138       0x38 ./../Libraries/EMlib/debug/libEMLib_efm32_debug.a(em_cmu.o)
 .text.CMU_FlashWaitStateControl
                0x00028170       0xf4 ./../Libraries/EMlib/debug/libEMLib_efm32_debug.a(em_cmu.o)
 .text.CMU_USBCClkGet
                0x00028264       0x50 ./../Libraries/EMlib/debug/libEMLib_efm32_debug.a(em_cmu.o)
 .text.CMU_AUXClkGet
                0x000282b4       0x9c ./../Libraries/EMlib/debug/libEMLib_efm32_debug.a(em_cmu.o)
 .text.CMU_DBGClkGet
                0x00028350       0x64 ./../Libraries/EMlib/debug/libEMLib_efm32_debug.a(em_cmu.o)
 .text.CMU_LFClkGet
                0x000283b4       0xd4 ./../Libraries/EMlib/debug/libEMLib_efm32_debug.a(em_cmu.o)
 .text.CMU_Sync
                0x00028488       0x3c ./../Libraries/EMlib/debug/libEMLib_efm32_debug.a(em_cmu.o)
 .text.CMU_ClockDivSet
                0x000284c4      0x298 ./../Libraries/EMlib/debug/libEMLib_efm32_debug.a(em_cmu.o)
                0x000284c4                CMU_ClockDivSet
 .text.CMU_ClockEnable
                0x0002875c      0x10c ./../Libraries/EMlib/debug/libEMLib_efm32_debug.a(em_cmu.o)
                0x0002875c                CMU_ClockEnable
 .text.CMU_ClockFreqGet
                0x00028868      0x1e8 ./../Libraries/EMlib/debug/libEMLib_efm32_debug.a(em_cmu.o)
                0x00028868                CMU_ClockFreqGet
 .text.CMU_ClockSelectGet
                0x00028a50      0x1a4 ./../Libraries/EMlib/debug/libEMLib_efm32_debug.a(em_cmu.o)
                0x00028a50                CMU_ClockSelectGet
 .text.CMU_ClockSelectSet
                0x00028bf4      0x38c ./../Libraries/EMlib/debug/libEMLib_efm32_debug.a(em_cmu.o)
                0x00028bf4                CMU_ClockSelectSet
 .text.CMU_OscillatorEnable
                0x00028f80       0xe8 ./../Libraries/EMlib/debug/libEMLib_efm32_debug.a(em_cmu.o)
                0x00028f80                CMU_OscillatorEnable
 .text.MSC_Init
                0x00029068      0x108 ./../Libraries/EMlib/debug/libEMLib_efm32_debug.a(em_msc.o)
                0x00029068                MSC_Init
 .text.MSC_Deinit
                0x00029170       0x30 ./../Libraries/EMlib/debug/libEMLib_efm32_debug.a(em_msc.o)
                0x00029170                MSC_Deinit
 .text.NVIC_DisableIRQ
                0x000291a0       0x3c ./../Libraries/EMlib/debug/libEMLib_efm32_debug.a(em_dma.o)
 .text.BITBAND_Peripheral
                0x000291dc       0x30 ./../Libraries/EMlib/debug/libEMLib_efm32_debug.a(em_dma.o)
 .text.DMA_Prepare
                0x0002920c      0x138 ./../Libraries/EMlib/debug/libEMLib_efm32_debug.a(em_dma.o)
 .text.DMA_IRQHandler
                0x00029344      0x110 ./../Libraries/EMlib/debug/libEMLib_efm32_debug.a(em_dma.o)
                0x00029344                DMA_IRQHandler
 .text.DMA_ActivateBasic
                0x00029454       0x48 ./../Libraries/EMlib/debug/libEMLib_efm32_debug.a(em_dma.o)
                0x00029454                DMA_ActivateBasic
 .text.DMA_CfgChannel
                0x0002949c       0xc0 ./../Libraries/EMlib/debug/libEMLib_efm32_debug.a(em_dma.o)
                0x0002949c                DMA_CfgChannel
 .text.DMA_CfgDescr
                0x0002955c       0x84 ./../Libraries/EMlib/debug/libEMLib_efm32_debug.a(em_dma.o)
                0x0002955c                DMA_CfgDescr
 .text.DMA_Reset
                0x000295e0       0xd4 ./../Libraries/EMlib/debug/libEMLib_efm32_debug.a(em_dma.o)
                0x000295e0                DMA_Reset
 .text.EMU_UpdateOscConfig
                0x000296b4       0x20 ./../Libraries/EMlib/debug/libEMLib_efm32_debug.a(em_emu.o)
                0x000296b4                EMU_UpdateOscConfig
 .text.BITBAND_Peripheral
                0x000296d4       0x30 ./../Libraries/EMlib/debug/libEMLib_efm32_debug.a(em_gpio.o)
 .text.GPIO_DriveModeSet
                0x00029704       0x60 ./../Libraries/EMlib/debug/libEMLib_efm32_debug.a(em_gpio.o)
                0x00029704                GPIO_DriveModeSet
 .text.GPIO_IntConfig
                0x00029764       0xf4 ./../Libraries/EMlib/debug/libEMLib_efm32_debug.a(em_gpio.o)
                0x00029764                GPIO_IntConfig
 .text.GPIO_PinModeSet
                0x00029858      0x1b8 ./../Libraries/EMlib/debug/libEMLib_efm32_debug.a(em_gpio.o)
                0x00029858                GPIO_PinModeSet
 .text.BITBAND_Peripheral
                0x00029a10       0x30 ./../Libraries/EMlib/debug/libEMLib_efm32_debug.a(em_i2c.o)
 .text.I2C_BusFreqSet
                0x00029a40       0x94 ./../Libraries/EMlib/debug/libEMLib_efm32_debug.a(em_i2c.o)
                0x00029a40                I2C_BusFreqSet
 .text.I2C_Init
                0x00029ad4       0x84 ./../Libraries/EMlib/debug/libEMLib_efm32_debug.a(em_i2c.o)
                0x00029ad4                I2C_Init
 .text.USART_BaudrateAsyncSet
                0x00029b58       0xd0 ./../Libraries/EMlib/debug/libEMLib_efm32_debug.a(em_usart.o)
                0x00029b58                USART_BaudrateAsyncSet
 .text.USART_BaudrateSyncSet
                0x00029c28       0x7c ./../Libraries/EMlib/debug/libEMLib_efm32_debug.a(em_usart.o)
                0x00029c28                USART_BaudrateSyncSet
 .text.USART_InitAsync
                0x00029ca4       0xbc ./../Libraries/EMlib/debug/libEMLib_efm32_debug.a(em_usart.o)
                0x00029ca4                USART_InitAsync
 .text.USART_Reset
                0x00029d60       0xd8 ./../Libraries/EMlib/debug/libEMLib_efm32_debug.a(em_usart.o)
                0x00029d60                USART_Reset
 .text.SYSTEM_ChipRevisionGet
                0x00029e38       0x94 ./../Libraries/EMlib/debug/libEMLib_efm32_debug.a(em_system.o)
                0x00029e38                SYSTEM_ChipRevisionGet
 .text.NVIC_EnableIRQ
                0x00029ecc       0x38 ./../Libraries/EMlib/debug/libEMLib_efm32_debug.a(em_usbd.o)
 .text.NVIC_ClearPendingIRQ
                0x00029f04       0x3c ./../Libraries/EMlib/debug/libEMLib_efm32_debug.a(em_usbd.o)
 .text.INT_Disable
                0x00029f40       0x40 ./../Libraries/EMlib/debug/libEMLib_efm32_debug.a(em_usbd.o)
 .text.INT_Enable
                0x00029f80       0x54 ./../Libraries/EMlib/debug/libEMLib_efm32_debug.a(em_usbd.o)
 .text.USBHAL_DisableGlobalInt
                0x00029fd4       0x34 ./../Libraries/EMlib/debug/libEMLib_efm32_debug.a(em_usbd.o)
 .text.USBHAL_EnableGlobalInt
                0x0002a008       0x34 ./../Libraries/EMlib/debug/libEMLib_efm32_debug.a(em_usbd.o)
 .text.USBDHAL_EnableUsbResetAndSuspendInt
                0x0002a03c       0x38 ./../Libraries/EMlib/debug/libEMLib_efm32_debug.a(em_usbd.o)
 .text.USBDHAL_EpIsStalled
                0x0002a074       0x3c ./../Libraries/EMlib/debug/libEMLib_efm32_debug.a(em_usbd.o)
 .text.USBDHAL_GetStallStatusEp
                0x0002a0b0       0xc0 ./../Libraries/EMlib/debug/libEMLib_efm32_debug.a(em_usbd.o)
 .text.USBDHAL_SetEp0InDmaPtr
                0x0002a170       0x28 ./../Libraries/EMlib/debug/libEMLib_efm32_debug.a(em_usbd.o)
 .text.USBDHAL_SetEp0OutDmaPtr
                0x0002a198       0x28 ./../Libraries/EMlib/debug/libEMLib_efm32_debug.a(em_usbd.o)
 .text.USBDHAL_StartEp0In
                0x0002a1c0       0x5c ./../Libraries/EMlib/debug/libEMLib_efm32_debug.a(em_usbd.o)
 .text.USBDHAL_StartEp0Out
                0x0002a21c       0x5c ./../Libraries/EMlib/debug/libEMLib_efm32_debug.a(em_usbd.o)
 .text.USBDHAL_StartEpIn
                0x0002a278       0xc8 ./../Libraries/EMlib/debug/libEMLib_efm32_debug.a(em_usbd.o)
 .text.USBDHAL_StartEpOut
                0x0002a340       0xd4 ./../Libraries/EMlib/debug/libEMLib_efm32_debug.a(em_usbd.o)
 .text.USBD_ArmEp
                0x0002a414       0x28 ./../Libraries/EMlib/debug/libEMLib_efm32_debug.a(em_usbd.o)
 .text.USBD_ArmEp0
                0x0002a43c       0x88 ./../Libraries/EMlib/debug/libEMLib_efm32_debug.a(em_usbd.o)
 .text.USBD_ArmEpN
                0x0002a4c4       0x28 ./../Libraries/EMlib/debug/libEMLib_efm32_debug.a(em_usbd.o)
 .text.USBD_GetEpFromAddr
                0x0002a4ec       0xa0 ./../Libraries/EMlib/debug/libEMLib_efm32_debug.a(em_usbd.o)
 .text.USBD_Disconnect
                0x0002a58c       0x14 ./../Libraries/EMlib/debug/libEMLib_efm32_debug.a(em_usbd.o)
                0x0002a58c                USBD_Disconnect
 .text.USBD_GetUsbState
                0x0002a5a0       0x1c ./../Libraries/EMlib/debug/libEMLib_efm32_debug.a(em_usbd.o)
                0x0002a5a0                USBD_GetUsbState
 .text.USBD_Init
                0x0002a5bc      0x4fc ./../Libraries/EMlib/debug/libEMLib_efm32_debug.a(em_usbd.o)
                0x0002a5bc                USBD_Init
 .text.USBD_Read
                0x0002aab8      0x108 ./../Libraries/EMlib/debug/libEMLib_efm32_debug.a(em_usbd.o)
                0x0002aab8                USBD_Read
 .text.USBD_SetUsbState
                0x0002abc0       0x98 ./../Libraries/EMlib/debug/libEMLib_efm32_debug.a(em_usbd.o)
                0x0002abc0                USBD_SetUsbState
 .text.USBD_Write
                0x0002ac58      0x10c ./../Libraries/EMlib/debug/libEMLib_efm32_debug.a(em_usbd.o)
                0x0002ac58                USBD_Write
 .text.NVIC_ClearPendingIRQ
                0x0002ad64       0x3c ./../Libraries/EMlib/debug/libEMLib_efm32_debug.a(em_usbhal.o)
 .text.INT_Disable
                0x0002ada0       0x40 ./../Libraries/EMlib/debug/libEMLib_efm32_debug.a(em_usbhal.o)
 .text.INT_Enable
                0x0002ade0       0x54 ./../Libraries/EMlib/debug/libEMLib_efm32_debug.a(em_usbhal.o)
 .text.USBHAL_FlushRxFifo
                0x0002ae34       0x3c ./../Libraries/EMlib/debug/libEMLib_efm32_debug.a(em_usbhal.o)
 .text.USBHAL_FlushTxFifo
                0x0002ae70       0x4c ./../Libraries/EMlib/debug/libEMLib_efm32_debug.a(em_usbhal.o)
 .text.USBDHAL_DeactivateEp
                0x0002aebc       0x88 ./../Libraries/EMlib/debug/libEMLib_efm32_debug.a(em_usbhal.o)
 .text.USBDHAL_GetInEpInts
                0x0002af44       0x44 ./../Libraries/EMlib/debug/libEMLib_efm32_debug.a(em_usbhal.o)
 .text.USBDHAL_GetOutEpInts
                0x0002af88       0x44 ./../Libraries/EMlib/debug/libEMLib_efm32_debug.a(em_usbhal.o)
 .text.USBDHAL_SetEPDISNAK
                0x0002afcc       0xac ./../Libraries/EMlib/debug/libEMLib_efm32_debug.a(em_usbhal.o)
 .text.USBD_GetEpFromAddr
                0x0002b078       0xa0 ./../Libraries/EMlib/debug/libEMLib_efm32_debug.a(em_usbhal.o)
 .text.USBHAL_CoreReset
                0x0002b118       0xbc ./../Libraries/EMlib/debug/libEMLib_efm32_debug.a(em_usbhal.o)
                0x0002b118                USBHAL_CoreReset
 .text.USBDHAL_CoreInit
                0x0002b1d4      0x3ec ./../Libraries/EMlib/debug/libEMLib_efm32_debug.a(em_usbhal.o)
                0x0002b1d4                USBDHAL_CoreInit
 .text.USBDHAL_Disconnect
                0x0002b5c0       0x3c ./../Libraries/EMlib/debug/libEMLib_efm32_debug.a(em_usbhal.o)
                0x0002b5c0                USBDHAL_Disconnect
 .text.USBDHAL_AbortAllEps
                0x0002b5fc      0x53c ./../Libraries/EMlib/debug/libEMLib_efm32_debug.a(em_usbhal.o)
                0x0002b5fc                USBDHAL_AbortAllEps
 .text.USBDHAL_AbortAllTransfers
                0x0002bb38       0xc8 ./../Libraries/EMlib/debug/libEMLib_efm32_debug.a(em_usbhal.o)
                0x0002bb38                USBDHAL_AbortAllTransfers
 .text.USBDHAL_ReenableEp0Setup
                0x0002bc00       0x60 ./../Libraries/EMlib/debug/libEMLib_efm32_debug.a(em_usbdep.o)
 .text.USBDHAL_StallEp
                0x0002bc60       0xcc ./../Libraries/EMlib/debug/libEMLib_efm32_debug.a(em_usbdep.o)
 .text.USBDHAL_StartEp0In
                0x0002bd2c       0x5c ./../Libraries/EMlib/debug/libEMLib_efm32_debug.a(em_usbdep.o)
 .text.USBDHAL_StartEp0Out
                0x0002bd88       0x5c ./../Libraries/EMlib/debug/libEMLib_efm32_debug.a(em_usbdep.o)
 .text.USBD_GetEpFromAddr
                0x0002bde4       0xa0 ./../Libraries/EMlib/debug/libEMLib_efm32_debug.a(em_usbdep.o)
 .text.USBD_ReArmEp0
                0x0002be84       0x64 ./../Libraries/EMlib/debug/libEMLib_efm32_debug.a(em_usbdep.o)
 .text.USBDEP_Ep0Handler
                0x0002bee8      0x300 ./../Libraries/EMlib/debug/libEMLib_efm32_debug.a(em_usbdep.o)
                0x0002bee8                USBDEP_Ep0Handler
 .text.USBDEP_EpHandler
                0x0002c1e8       0x60 ./../Libraries/EMlib/debug/libEMLib_efm32_debug.a(em_usbdep.o)
                0x0002c1e8                USBDEP_EpHandler
 .text.TIMER_CounterGet
                0x0002c248       0x18 ./../Libraries/EMlib/debug/libEMLib_efm32_debug.a(em_usbtimer.o)
 .text.TIMER_TopSet
                0x0002c260       0x1c ./../Libraries/EMlib/debug/libEMLib_efm32_debug.a(em_usbtimer.o)
 .text.DelayTicks
                0x0002c27c       0x4c ./../Libraries/EMlib/debug/libEMLib_efm32_debug.a(em_usbtimer.o)
 .text.USBTIMER_DelayMs
                0x0002c2c8       0x84 ./../Libraries/EMlib/debug/libEMLib_efm32_debug.a(em_usbtimer.o)
                0x0002c2c8                USBTIMER_DelayMs
 .text.USBTIMER_DelayUs
                0x0002c34c      0x124 ./../Libraries/EMlib/debug/libEMLib_efm32_debug.a(em_usbtimer.o)
                0x0002c34c                USBTIMER_DelayUs
 .text.USBTIMER_Init
                0x0002c470      0x188 ./../Libraries/EMlib/debug/libEMLib_efm32_debug.a(em_usbtimer.o)
                0x0002c470                USBTIMER_Init
 .text.GetProdRev
                0x0002c5f8       0x1c ./../Libraries/EMlib/debug/libEMLib_efm32_debug.a(system_efm32gg.o)
 .text.SystemCoreClockGet
                0x0002c614       0x58 ./../Libraries/EMlib/debug/libEMLib_efm32_debug.a(system_efm32gg.o)
                0x0002c614                SystemCoreClockGet
 .text.SystemHFClockGet
                0x0002c66c      0x110 ./../Libraries/EMlib/debug/libEMLib_efm32_debug.a(system_efm32gg.o)
                0x0002c66c                SystemHFClockGet
 .text.SystemHFXOClockGet
                0x0002c77c       0x18 ./../Libraries/EMlib/debug/libEMLib_efm32_debug.a(system_efm32gg.o)
                0x0002c77c                SystemHFXOClockGet
 .text.SystemInit
                0x0002c794        0xc ./../Libraries/EMlib/debug/libEMLib_efm32_debug.a(system_efm32gg.o)
                0x0002c794                SystemInit
 .text.SystemLFRCOClockGet
                0x0002c7a0       0x10 ./../Libraries/EMlib/debug/libEMLib_efm32_debug.a(system_efm32gg.o)
                0x0002c7a0                SystemLFRCOClockGet
 .text.SystemULFRCOClockGet
                0x0002c7b0       0x10 ./../Libraries/EMlib/debug/libEMLib_efm32_debug.a(system_efm32gg.o)
                0x0002c7b0                SystemULFRCOClockGet
 .text.SystemLFXOClockGet
                0x0002c7c0       0x18 ./../Libraries/EMlib/debug/libEMLib_efm32_debug.a(system_efm32gg.o)
                0x0002c7c0                SystemLFXOClockGet
 .text.TIMER_Init
                0x0002c7d8      0x134 ./../Libraries/EMlib/debug/libEMLib_efm32_debug.a(em_timer.o)
                0x0002c7d8                TIMER_Init
 .text.TIMER_InitCC
                0x0002c90c       0xec ./../Libraries/EMlib/debug/libEMLib_efm32_debug.a(em_timer.o)
                0x0002c90c                TIMER_InitCC
 .text.USBDHAL_ActivateEp
                0x0002c9f8      0x148 ./../Libraries/EMlib/debug/libEMLib_efm32_debug.a(em_usbdch9.o)
 .text.USBDHAL_DeactivateEp
                0x0002cb40       0x88 ./../Libraries/EMlib/debug/libEMLib_efm32_debug.a(em_usbdch9.o)
 .text.USBDHAL_GetStallStatusEp
                0x0002cbc8       0xc0 ./../Libraries/EMlib/debug/libEMLib_efm32_debug.a(em_usbdch9.o)
 .text.USBDHAL_SetAddr
                0x0002cc88       0x3c ./../Libraries/EMlib/debug/libEMLib_efm32_debug.a(em_usbdch9.o)
 .text.USBDHAL_StallEp
                0x0002ccc4       0xcc ./../Libraries/EMlib/debug/libEMLib_efm32_debug.a(em_usbdch9.o)
 .text.USBDHAL_UnStallEp
                0x0002cd90       0xe4 ./../Libraries/EMlib/debug/libEMLib_efm32_debug.a(em_usbdch9.o)
 .text.USBD_ActivateAllEps
                0x0002ce74       0x54 ./../Libraries/EMlib/debug/libEMLib_efm32_debug.a(em_usbdch9.o)
 .text.USBD_DeactivateAllEps
                0x0002cec8       0x68 ./../Libraries/EMlib/debug/libEMLib_efm32_debug.a(em_usbdch9.o)
 .text.USBD_GetEpFromAddr
                0x0002cf30       0xa0 ./../Libraries/EMlib/debug/libEMLib_efm32_debug.a(em_usbdch9.o)
 .text.USBDCH9_SetupCmd
                0x0002cfd0       0xec ./../Libraries/EMlib/debug/libEMLib_efm32_debug.a(em_usbdch9.o)
                0x0002cfd0                USBDCH9_SetupCmd
 .text.ClearFeature
                0x0002d0bc       0xcc ./../Libraries/EMlib/debug/libEMLib_efm32_debug.a(em_usbdch9.o)
 .text.GetConfiguration
                0x0002d188       0xb8 ./../Libraries/EMlib/debug/libEMLib_efm32_debug.a(em_usbdch9.o)
 .text.GetDescriptor
                0x0002d240      0x10c ./../Libraries/EMlib/debug/libEMLib_efm32_debug.a(em_usbdch9.o)
 .text.GetInterface
                0x0002d34c       0x94 ./../Libraries/EMlib/debug/libEMLib_efm32_debug.a(em_usbdch9.o)
 .text.GetStatus
                0x0002d3e0      0x1b4 ./../Libraries/EMlib/debug/libEMLib_efm32_debug.a(em_usbdch9.o)
 .text.SetAddress
                0x0002d594       0xb4 ./../Libraries/EMlib/debug/libEMLib_efm32_debug.a(em_usbdch9.o)
 .text.SetConfiguration
                0x0002d648      0x10c ./../Libraries/EMlib/debug/libEMLib_efm32_debug.a(em_usbdch9.o)
 .text.SetFeature
                0x0002d754      0x100 ./../Libraries/EMlib/debug/libEMLib_efm32_debug.a(em_usbdch9.o)
 .text.SetInterface
                0x0002d854       0x68 ./../Libraries/EMlib/debug/libEMLib_efm32_debug.a(em_usbdch9.o)
 .text.sl_WlanConnect
                0x0002d8bc      0x2f8 ./../Libraries/WiFi/debug/libWiFi_efm32_debug.a(wlan.o)
                0x0002d8bc                sl_WlanConnect
 .text.sl_WlanRxStatStart
                0x0002dbb4       0x2c ./../Libraries/WiFi/debug/libWiFi_efm32_debug.a(wlan.o)
                0x0002dbb4                sl_WlanRxStatStart
 .text._SlDrvProtectAsyncRespSetting
                0x0002dbe0       0x5c ./../Libraries/WiFi/debug/libWiFi_efm32_debug.a(driver.o)
                0x0002dbe0                _SlDrvProtectAsyncRespSetting
 .text._SlDrvDriverCBInit
                0x0002dc3c      0x25c ./../Libraries/WiFi/debug/libWiFi_efm32_debug.a(driver.o)
                0x0002dc3c                _SlDrvDriverCBInit
 .text._SlDrvDriverCBDeinit
                0x0002de98      0x190 ./../Libraries/WiFi/debug/libWiFi_efm32_debug.a(driver.o)
                0x0002de98                _SlDrvDriverCBDeinit
 .text._SlDrvRxIrqHandler
                0x0002e028       0x80 ./../Libraries/WiFi/debug/libWiFi_efm32_debug.a(driver.o)
                0x0002e028                _SlDrvRxIrqHandler
 .text._SlDrvCmdOp
                0x0002e0a8       0xe4 ./../Libraries/WiFi/debug/libWiFi_efm32_debug.a(driver.o)
                0x0002e0a8                _SlDrvCmdOp
 .text._SlDrvDataReadOp
                0x0002e18c      0x270 ./../Libraries/WiFi/debug/libWiFi_efm32_debug.a(driver.o)
                0x0002e18c                _SlDrvDataReadOp
 .text._SlDrvDataWriteOp
                0x0002e3fc      0x1c8 ./../Libraries/WiFi/debug/libWiFi_efm32_debug.a(driver.o)
                0x0002e3fc                _SlDrvDataWriteOp
 .text._SlDrvMsgWrite
                0x0002e5c4      0x248 ./../Libraries/WiFi/debug/libWiFi_efm32_debug.a(driver.o)
 .text._SlDrvMsgRead
                0x0002e80c      0x7a0 ./../Libraries/WiFi/debug/libWiFi_efm32_debug.a(driver.o)
 .text._SlAsyncEventGenericHandler
                0x0002efac      0x120 ./../Libraries/WiFi/debug/libWiFi_efm32_debug.a(driver.o)
 .text._SlDrvMsgReadCmdCtx
                0x0002f0cc      0x19c ./../Libraries/WiFi/debug/libWiFi_efm32_debug.a(driver.o)
 .text._SlDrvMsgReadSpawnCtx
                0x0002f268      0x10c ./../Libraries/WiFi/debug/libWiFi_efm32_debug.a(driver.o)
                0x0002f268                _SlDrvMsgReadSpawnCtx
 .text._SlDrvClassifyRxMsg
                0x0002f374       0xf0 ./../Libraries/WiFi/debug/libWiFi_efm32_debug.a(driver.o)
 .text._SlDrvRxHdrRead
                0x0002f464      0x2d4 ./../Libraries/WiFi/debug/libWiFi_efm32_debug.a(driver.o)
 .text._SlDrvBasicCmd
                0x0002f738       0x5c ./../Libraries/WiFi/debug/libWiFi_efm32_debug.a(driver.o)
                0x0002f738                _SlDrvBasicCmd
 .text._SlDrvCmdSend
                0x0002f794       0x9c ./../Libraries/WiFi/debug/libWiFi_efm32_debug.a(driver.o)
                0x0002f794                _SlDrvCmdSend
 .text._SlDrvWaitForPoolObj
                0x0002f830      0x254 ./../Libraries/WiFi/debug/libWiFi_efm32_debug.a(driver.o)
                0x0002f830                _SlDrvWaitForPoolObj
 .text._SlDrvReleasePoolObj
                0x0002fa84      0x2fc ./../Libraries/WiFi/debug/libWiFi_efm32_debug.a(driver.o)
                0x0002fa84                _SlDrvReleasePoolObj
 .text._SlRemoveFromList
                0x0002fd80      0x114 ./../Libraries/WiFi/debug/libWiFi_efm32_debug.a(driver.o)
 .text._SlFindAndSetActiveObj
                0x0002fe94      0x1f4 ./../Libraries/WiFi/debug/libWiFi_efm32_debug.a(driver.o)
 .text._SlDrvDispatchHttpServerEvents
                0x00030088       0x1c ./../Libraries/WiFi/debug/libWiFi_efm32_debug.a(driver.o)
                0x00030088                _SlDrvDispatchHttpServerEvents
 .text._SlDrvSyncObjSignal
                0x000300a4       0x30 ./../Libraries/WiFi/debug/libWiFi_efm32_debug.a(driver.o)
                0x000300a4                _SlDrvSyncObjSignal
 .text._SlDrvObjLockWaitForever
                0x000300d4       0x34 ./../Libraries/WiFi/debug/libWiFi_efm32_debug.a(driver.o)
                0x000300d4                _SlDrvObjLockWaitForever
 .text._SlDrvProtectionObjLockWaitForever
                0x00030108       0x40 ./../Libraries/WiFi/debug/libWiFi_efm32_debug.a(driver.o)
                0x00030108                _SlDrvProtectionObjLockWaitForever
 .text._SlDrvObjUnLock
                0x00030148       0x30 ./../Libraries/WiFi/debug/libWiFi_efm32_debug.a(driver.o)
                0x00030148                _SlDrvObjUnLock
 .text._SlDrvProtectionObjUnLock
                0x00030178       0x3c ./../Libraries/WiFi/debug/libWiFi_efm32_debug.a(driver.o)
                0x00030178                _SlDrvProtectionObjUnLock
 .text._SlDrvObjGlobalLockWaitForever
                0x000301b4       0x3c ./../Libraries/WiFi/debug/libWiFi_efm32_debug.a(driver.o)
 .text._SlDrvGlobalObjUnLock
                0x000301f0       0x3c ./../Libraries/WiFi/debug/libWiFi_efm32_debug.a(driver.o)
                0x000301f0                _SlDrvGlobalObjUnLock
 .text._SlDrvMemZero
                0x0003022c       0x24 ./../Libraries/WiFi/debug/libWiFi_efm32_debug.a(driver.o)
                0x0003022c                _SlDrvMemZero
 .text._SlDrvResetCmdExt
                0x00030250       0x1c ./../Libraries/WiFi/debug/libWiFi_efm32_debug.a(driver.o)
                0x00030250                _SlDrvResetCmdExt
 .text._SlDrvSyncObjWaitForever
                0x0003026c       0x38 ./../Libraries/WiFi/debug/libWiFi_efm32_debug.a(driver.o)
                0x0003026c                _SlDrvSyncObjWaitForever
 .text._SlDrvSyncObjWaitTimeout
                0x000302a4       0x58 ./../Libraries/WiFi/debug/libWiFi_efm32_debug.a(driver.o)
                0x000302a4                _SlDrvSyncObjWaitTimeout
 .text._SlDriverHandleError
                0x000302fc       0xb4 ./../Libraries/WiFi/debug/libWiFi_efm32_debug.a(driver.o)
                0x000302fc                _SlDriverHandleError
 .text.sl_NetAppStop
                0x000303b0       0x58 ./../Libraries/WiFi/debug/libWiFi_efm32_debug.a(netapp.o)
                0x000303b0                sl_NetAppStop
 .text._sl_HandleAsync_DnsGetHostByService
                0x00030408      0x114 ./../Libraries/WiFi/debug/libWiFi_efm32_debug.a(netapp.o)
                0x00030408                _sl_HandleAsync_DnsGetHostByService
 .text._sl_HandleAsync_DnsGetHostByName
                0x0003051c      0x108 ./../Libraries/WiFi/debug/libWiFi_efm32_debug.a(netapp.o)
                0x0003051c                _sl_HandleAsync_DnsGetHostByName
 .text.CopyPingResultsToReport
                0x00030624       0x44 ./../Libraries/WiFi/debug/libWiFi_efm32_debug.a(netapp.o)
 .text._sl_HandleAsync_PingResponse
                0x00030668       0xf4 ./../Libraries/WiFi/debug/libWiFi_efm32_debug.a(netapp.o)
                0x00030668                _sl_HandleAsync_PingResponse
 .text._sl_NetAppSendTokenValue
                0x0003075c       0x88 ./../Libraries/WiFi/debug/libWiFi_efm32_debug.a(netapp.o)
                0x0003075c                _sl_NetAppSendTokenValue
 .text._SlDrvNetAppEventHandler
                0x000307e4      0x148 ./../Libraries/WiFi/debug/libWiFi_efm32_debug.a(netapp.o)
                0x000307e4                _SlDrvNetAppEventHandler
 .text._sl_BuildAddress
                0x0003092c       0x60 ./../Libraries/WiFi/debug/libWiFi_efm32_debug.a(socket.o)
 .text._sl_TruncatePayloadByProtocol
                0x0003098c       0x44 ./../Libraries/WiFi/debug/libWiFi_efm32_debug.a(socket.o)
 .text.sl_Socket
                0x000309d0       0x7c ./../Libraries/WiFi/debug/libWiFi_efm32_debug.a(socket.o)
                0x000309d0                sl_Socket
 .text.sl_Close
                0x00030a4c       0x5c ./../Libraries/WiFi/debug/libWiFi_efm32_debug.a(socket.o)
                0x00030a4c                sl_Close
 .text.sl_Bind  0x00030aa8       0xb4 ./../Libraries/WiFi/debug/libWiFi_efm32_debug.a(socket.o)
                0x00030aa8                sl_Bind
 .text.sl_SendTo
                0x00030b5c      0x138 ./../Libraries/WiFi/debug/libWiFi_efm32_debug.a(socket.o)
                0x00030b5c                sl_SendTo
 .text.sl_RecvFrom
                0x00030c94      0x12c ./../Libraries/WiFi/debug/libWiFi_efm32_debug.a(socket.o)
                0x00030c94                sl_RecvFrom
 .text.sl_Connect
                0x00030dc0      0x1b0 ./../Libraries/WiFi/debug/libWiFi_efm32_debug.a(socket.o)
                0x00030dc0                sl_Connect
 .text._sl_HandleAsync_Connect
                0x00030f70       0xd4 ./../Libraries/WiFi/debug/libWiFi_efm32_debug.a(socket.o)
                0x00030f70                _sl_HandleAsync_Connect
 .text.sl_Htonl
                0x00031044       0x58 ./../Libraries/WiFi/debug/libWiFi_efm32_debug.a(socket.o)
                0x00031044                sl_Htonl
 .text.sl_Htons
                0x0003109c       0x48 ./../Libraries/WiFi/debug/libWiFi_efm32_debug.a(socket.o)
                0x0003109c                sl_Htons
 .text._sl_HandleAsync_Accept
                0x000310e4       0xa8 ./../Libraries/WiFi/debug/libWiFi_efm32_debug.a(socket.o)
                0x000310e4                _sl_HandleAsync_Accept
 .text._sl_HandleAsync_Select
                0x0003118c       0x94 ./../Libraries/WiFi/debug/libWiFi_efm32_debug.a(socket.o)
                0x0003118c                _sl_HandleAsync_Select
 .text.sl_SetSockOpt
                0x00031220       0x94 ./../Libraries/WiFi/debug/libWiFi_efm32_debug.a(socket.o)
                0x00031220                sl_SetSockOpt
 .text.sl_Select
                0x000312b4      0x188 ./../Libraries/WiFi/debug/libWiFi_efm32_debug.a(socket.o)
                0x000312b4                sl_Select
 .text.SL_FD_SET
                0x0003143c       0x30 ./../Libraries/WiFi/debug/libWiFi_efm32_debug.a(socket.o)
                0x0003143c                SL_FD_SET
 .text.SL_FD_ISSET
                0x0003146c       0x3c ./../Libraries/WiFi/debug/libWiFi_efm32_debug.a(socket.o)
                0x0003146c                SL_FD_ISSET
 .text.SL_FD_ZERO
                0x000314a8       0x1c ./../Libraries/WiFi/debug/libWiFi_efm32_debug.a(socket.o)
                0x000314a8                SL_FD_ZERO
 .text._sl_GetStartResponseConvert
                0x000314c4       0x28 ./../Libraries/WiFi/debug/libWiFi_efm32_debug.a(device.o)
 .text.sl_Start
                0x000314ec      0x130 ./../Libraries/WiFi/debug/libWiFi_efm32_debug.a(device.o)
                0x000314ec                sl_Start
 .text._sl_HandleAsync_InitComplete
                0x0003161c       0xe8 ./../Libraries/WiFi/debug/libWiFi_efm32_debug.a(device.o)
                0x0003161c                _sl_HandleAsync_InitComplete
 .text._sl_HandleAsync_Stop
                0x00031704       0x90 ./../Libraries/WiFi/debug/libWiFi_efm32_debug.a(device.o)
                0x00031704                _sl_HandleAsync_Stop
 .text.sl_Stop  0x00031794      0x110 ./../Libraries/WiFi/debug/libWiFi_efm32_debug.a(device.o)
                0x00031794                sl_Stop
 .text._SlDrvDeviceEventHandler
                0x000318a4       0xb8 ./../Libraries/WiFi/debug/libWiFi_efm32_debug.a(device.o)
                0x000318a4                _SlDrvDeviceEventHandler
 .text.Retcode_Initialize
                0x0003195c       0x60 ./../Platform/Essentials/release/libEssentials_efm32.a(Retcode.o)
                0x0003195c                Retcode_Initialize
 .text.Retcode_RaiseError
                0x000319bc       0x24 ./../Platform/Essentials/release/libEssentials_efm32.a(Retcode.o)
                0x000319bc                Retcode_RaiseError
 .text.Retcode_RaiseErrorFromIsr
                0x000319e0       0x24 ./../Platform/Essentials/release/libEssentials_efm32.a(Retcode.o)
                0x000319e0                Retcode_RaiseErrorFromIsr
 .text.Retcode_raiseError
                0x00031a04       0x18 ./../Platform/Essentials/release/libEssentials_efm32.a(Retcode.o)
                0x00031a04                Retcode_raiseError
 .text.RTC_IntClear
                0x00031a1c       0x20 ./../Platform/Essentials/release/libEssentials_efm32.a(Timer.o)
 .text.RTC_IntDisable
                0x00031a3c       0x30 ./../Platform/Essentials/release/libEssentials_efm32.a(Timer.o)
 .text.RTC_IntGet
                0x00031a6c       0x18 ./../Platform/Essentials/release/libEssentials_efm32.a(Timer.o)
 .text.TIMER_IntClear
                0x00031a84       0x1c ./../Platform/Essentials/release/libEssentials_efm32.a(Timer.o)
 .text.TIMER_IntDisable
                0x00031aa0       0x24 ./../Platform/Essentials/release/libEssentials_efm32.a(Timer.o)
 .text.TIMER_IntGet
                0x00031ac4       0x18 ./../Platform/Essentials/release/libEssentials_efm32.a(Timer.o)
 .text.LETIMER_IntClear
                0x00031adc       0x1c ./../Platform/Essentials/release/libEssentials_efm32.a(Timer.o)
 .text.LETIMER_IntDisable
                0x00031af8       0x24 ./../Platform/Essentials/release/libEssentials_efm32.a(Timer.o)
 .text.LETIMER_IntGet
                0x00031b1c       0x18 ./../Platform/Essentials/release/libEssentials_efm32.a(Timer.o)
 .text.MCU_Timer_Initialize
                0x00031b34       0xe4 ./../Platform/Essentials/release/libEssentials_efm32.a(Timer.o)
                0x00031b34                MCU_Timer_Initialize
 .text.MCU_Timer_Callback
                0x00031c18       0x5c ./../Platform/Essentials/release/libEssentials_efm32.a(Timer.o)
                0x00031c18                MCU_Timer_Callback
 .text.ValidateTimerHandle
                0x00031c74       0x40 ./../Platform/Essentials/release/libEssentials_efm32.a(Timer.o)
 .text.getTimerEvent
                0x00031cb4       0xc8 ./../Platform/Essentials/release/libEssentials_efm32.a(Timer.o)
 .text.extractFlags_RTC
                0x00031d7c       0x9c ./../Platform/Essentials/release/libEssentials_efm32.a(Timer.o)
 .text.extractFlags_LETIMER
                0x00031e18       0x9c ./../Platform/Essentials/release/libEssentials_efm32.a(Timer.o)
 .text.extractFlags_TIMER
                0x00031eb4       0xd0 ./../Platform/Essentials/release/libEssentials_efm32.a(Timer.o)
 .text.MCU_Timer_GetRtcHandle
                0x00031f84       0x14 ./../Platform/Essentials/release/libEssentials_efm32.a(Timer.o)
                0x00031f84                MCU_Timer_GetRtcHandle
 .text.MCU_Timer_HandleRtcIrq
                0x00031f98       0x14 ./../Platform/Essentials/release/libEssentials_efm32.a(Timer.o)
                0x00031f98                MCU_Timer_HandleRtcIrq
 .text.CmdProcessor_Initialize
                0x00031fac       0xe0 ./../Platform/Utils/release/libUtils_efm32.a(CmdProcessor.o)
                0x00031fac                CmdProcessor_Initialize
 .text.CmdProcessor_Enqueue
                0x0003208c       0x74 ./../Platform/Utils/release/libUtils_efm32.a(CmdProcessor.o)
                0x0003208c                CmdProcessor_Enqueue
 .text.Run      0x00032100       0x14 ./../Platform/Utils/release/libUtils_efm32.a(CmdProcessor.o)
 .text.Dequeue  0x00032114       0x80 ./../Platform/Utils/release/libUtils_efm32.a(CmdProcessor.o)
 .text.CmdProcessor_enqueue
                0x00032194       0x28 ./../Platform/Utils/release/libUtils_efm32.a(CmdProcessor.o)
                0x00032194                CmdProcessor_enqueue
 .text.NVM_Initialize
                0x000321bc       0x4c ./../Platform/Drivers/release/libDrivers_efm32.a(BCDS_NVM.o)
                0x000321bc                NVM_Initialize
 .text.objectConsistencyCheck
                0x00032208       0x58 ./../Platform/Drivers/release/libDrivers_efm32.a(BCDS_NVM.o)
 .text.NVM_Read
                0x00032260       0x7c ./../Platform/Drivers/release/libDrivers_efm32.a(BCDS_NVM.o)
                0x00032260                NVM_Read
 .text.itemConsistencyCheck
                0x000322dc       0x50 ./../Platform/Drivers/release/libDrivers_efm32.a(BCDS_NVM.o)
 .text.NVM_Write
                0x0003232c       0x94 ./../Platform/Drivers/release/libDrivers_efm32.a(BCDS_NVM.o)
                0x0003232c                NVM_Write
 .text.NVM_Flush
                0x000323c0       0x9c ./../Platform/Drivers/release/libDrivers_efm32.a(BCDS_NVM.o)
                0x000323c0                NVM_Flush
 .text.sectionUpdateRequired
                0x0003245c       0x8c ./../Platform/Drivers/release/libDrivers_efm32.a(BCDS_NVM.o)
 .text.NVM_ReadUInt8
                0x000324e8       0x40 ./../Platform/Drivers/release/libDrivers_efm32.a(BCDS_NVM.o)
                0x000324e8                NVM_ReadUInt8
 .text.NVM_WriteUInt8
                0x00032528       0x40 ./../Platform/Drivers/release/libDrivers_efm32.a(BCDS_NVM.o)
                0x00032528                NVM_WriteUInt8
 .text.isLittleEndianPlatform
                0x00032568       0x30 ./../Platform/Drivers/release/libDrivers_efm32.a(BCDS_NVM.o)
 .text.NVM_IsEndiannessDifferent
                0x00032598       0x54 ./../Platform/Drivers/release/libDrivers_efm32.a(BCDS_NVM.o)
 .text.NVM_SwapBytes
                0x000325ec       0xc4 ./../Platform/Drivers/release/libDrivers_efm32.a(BCDS_NVM.o)
 .text.Retcode_GetCode
                0x000326b0       0x20 ./../Platform/FOTA/release/libFOTA_efm32.a(FotaStateMachine.o)
 .text.Retcode_getCode
                0x000326d0       0x1c ./../Platform/FOTA/release/libFOTA_efm32.a(FotaStateMachine.o)
 .text.StringDescr_copySegment
                0x000326ec       0x4c ./../Platform/FOTA/release/libFOTA_efm32.a(FotaStateMachine.o)
 .text.CoapBlockwise_Log2
                0x00032738       0x38 ./../Platform/FOTA/release/libFOTA_efm32.a(FotaStateMachine.o)
 .text.CoapBlockwise_GetBlockNumber
                0x00032770       0x24 ./../Platform/FOTA/release/libFOTA_efm32.a(FotaStateMachine.o)
 .text.CoapBlockwise_GetBlockOffset
                0x00032794       0x28 ./../Platform/FOTA/release/libFOTA_efm32.a(FotaStateMachine.o)
 .text.FotaStateToValue
                0x000327bc      0x1b4 ./../Platform/FOTA/release/libFOTA_efm32.a(FotaStateMachine.o)
 .text.SaveDownloadedFwCrc
                0x00032970       0x5c ./../Platform/FOTA/release/libFOTA_efm32.a(FotaStateMachine.o)
 .text.StateAndUpdateResultNotify
                0x000329cc       0x60 ./../Platform/FOTA/release/libFOTA_efm32.a(FotaStateMachine.o)
 .text.GetFirmwareUpdateState
                0x00032a2c       0x1c ./../Platform/FOTA/release/libFOTA_efm32.a(FotaStateMachine.o)
 .text.UpdateFirmwareUpdateStateResource
                0x00032a48       0x20 ./../Platform/FOTA/release/libFOTA_efm32.a(FotaStateMachine.o)
 .text.SetAndNotifyFotaState
                0x00032a68      0x270 ./../Platform/FOTA/release/libFOTA_efm32.a(FotaStateMachine.o)
 .text.GetFotaResultResource
                0x00032cd8       0x18 ./../Platform/FOTA/release/libFOTA_efm32.a(FotaStateMachine.o)
 .text.UpdateFirmwareUpdateResultResource
                0x00032cf0       0x20 ./../Platform/FOTA/release/libFOTA_efm32.a(FotaStateMachine.o)
 .text.SetAndNotifyFotaUpdateResult
                0x00032d10       0xac ./../Platform/FOTA/release/libFOTA_efm32.a(FotaStateMachine.o)
 .text.IsFotaStateValid
                0x00032dbc       0x3c ./../Platform/FOTA/release/libFOTA_efm32.a(FotaStateMachine.o)
 .text.FotaIsStateChangePermitted
                0x00032df8       0x80 ./../Platform/FOTA/release/libFOTA_efm32.a(FotaStateMachine.o)
 .text.FotaPersistenceAgent
                0x00032e78      0x3d8 ./../Platform/FOTA/release/libFOTA_efm32.a(FotaStateMachine.o)
 .text.FotaPersistValue